[2020-03-02T04:53:14.187+0200][0.017s][debug][gc] ConcGCThreads: 1 offset 8
[2020-03-02T04:53:14.187+0200][0.017s][debug][gc] ParallelGCThreads: 4
[2020-03-02T04:53:14.188+0200][0.018s][debug][gc] Initialize mark stack with 4096 chunks, maximum 16384
[2020-03-02T04:53:14.231+0200][0.061s][info ][gc] Using G1
[2020-03-02T04:53:14.251+0200][0.081s][info ][gc] Periodic GC disabled
[2020-03-02T04:55:07.628+0200][113.453s][info ][gc] GC(0) Pause Young (Concurrent Start) (G1 Humongous Allocation) 3718M->3686M(8192M) 6187.529ms
[2020-03-02T04:55:07.628+0200][113.453s][info ][gc] GC(1) Concurrent Cycle
[2020-03-02T04:55:09.634+0200][115.459s][debug][gc] GC(1) Reclaimed 704 empty regions
[2020-03-02T04:55:09.635+0200][115.459s][info ][gc] GC(1) Pause Remark 3690M->874M(8192M) 2.277ms
[2020-03-02T04:55:11.261+0200][117.086s][info ][gc] GC(1) Pause Cleanup 890M->890M(8192M) 0.279ms
[2020-03-02T04:55:11.314+0200][117.139s][info ][gc] GC(1) Concurrent Cycle 3685.761ms
[2020-03-02T04:57:49.167+0200][274.985s][info ][gc] GC(2) Pause Young (Concurrent Start) (G1 Humongous Allocation) 2952M->2918M(8192M) 6086.252ms
[2020-03-02T04:57:49.167+0200][274.985s][info ][gc] GC(3) Concurrent Cycle
[2020-03-02T04:57:52.468+0200][278.286s][debug][gc] GC(3) Reclaimed 403 empty regions
[2020-03-02T04:57:52.468+0200][278.286s][info ][gc] GC(3) Pause Remark 4874M->3262M(8192M) 1.617ms
[2020-03-02T04:57:57.395+0200][283.213s][info ][gc] GC(3) Pause Cleanup 3276M->3276M(8192M) 0.178ms
[2020-03-02T04:57:57.445+0200][283.263s][info ][gc] GC(3) Concurrent Cycle 8278.031ms
[2020-03-02T05:00:04.009+0200][409.821s][info ][gc] GC(4) Pause Young (Concurrent Start) (G1 Humongous Allocation) 3716M->3686M(8192M) 6213.497ms
[2020-03-02T05:00:04.009+0200][409.821s][info ][gc] GC(5) Concurrent Cycle
[2020-03-02T05:00:08.429+0200][414.241s][debug][gc] GC(5) Reclaimed 433 empty regions
[2020-03-02T05:00:08.429+0200][414.241s][info ][gc] GC(5) Pause Remark 3694M->1962M(8192M) 1.657ms
[2020-03-02T05:00:11.350+0200][417.162s][info ][gc] GC(5) Pause Cleanup 1972M->1972M(8192M) 0.196ms
[2020-03-02T05:00:11.390+0200][417.202s][info ][gc] GC(5) Concurrent Cycle 7380.826ms
[2020-03-02T05:02:54.624+0200][580.430s][info ][gc] GC(6) Pause Young (Concurrent Start) (G1 Humongous Allocation) 2466M->2434M(8192M) 4546.995ms
[2020-03-02T05:02:54.624+0200][580.430s][info ][gc] GC(7) Concurrent Cycle
[2020-03-02T05:03:00.134+0200][585.938s][info ][gc] GC(8) Pause Young (Normal) (G1 Humongous Allocation) 2434M->2435M(8192M) 4081.244ms
[2020-03-02T05:03:00.143+0200][585.947s][debug][gc] GC(9) Clear Next Bitmap 8.415ms
[2020-03-02T05:03:01.433+0200][587.237s][info ][gc] GC(9) Pause Full (G1 Humongous Allocation) 2435M->1958M(8192M) 1298.698ms
[2020-03-02T05:03:01.434+0200][587.239s][info ][gc] GC(7) Concurrent Cycle 6808.911ms
[2020-03-02T05:03:03.952+0200][589.757s][info ][gc] GC(10) Pause Young (Concurrent Start) (G1 Humongous Allocation) 4890M->4882M(8192M) 2.004ms
[2020-03-02T05:03:03.952+0200][589.757s][info ][gc] GC(11) Concurrent Cycle
[2020-03-02T05:03:12.317+0200][598.122s][debug][gc] GC(11) Reclaimed 489 empty regions
[2020-03-02T05:03:12.317+0200][598.122s][info ][gc] GC(11) Pause Remark 4898M->2942M(8192M) 1.688ms
[2020-03-02T05:03:16.668+0200][602.473s][info ][gc] GC(11) Pause Cleanup 2952M->2952M(8192M) 0.253ms
[2020-03-02T05:03:16.684+0200][602.489s][info ][gc] GC(11) Concurrent Cycle 12731.674ms
[2020-03-02T05:07:55.631+0200][881.424s][info ][gc] GC(12) Pause Young (Concurrent Start) (G1 Humongous Allocation) 3742M->3682M(8192M) 2684.688ms
[2020-03-02T05:07:55.631+0200][881.424s][info ][gc] GC(13) Concurrent Cycle
[2020-03-02T05:08:02.450+0200][888.243s][debug][gc] GC(13) Reclaimed 189 empty regions
[2020-03-02T05:08:02.450+0200][888.243s][info ][gc] GC(13) Pause Remark 3692M->2936M(8192M) 1.688ms
[2020-03-02T05:08:07.988+0200][893.781s][info ][gc] GC(13) Pause Cleanup 2946M->2946M(8192M) 0.291ms
[2020-03-02T05:08:08.023+0200][893.816s][info ][gc] GC(13) Concurrent Cycle 12392.175ms
[2020-03-02T05:13:20.151+0200][1205.932s][info ][gc] GC(14) Pause Young (Concurrent Start) (G1 Humongous Allocation) 3600M->3534M(8192M) 5341.953ms
[2020-03-02T05:13:20.151+0200][1205.932s][info ][gc] GC(15) Concurrent Cycle
[2020-03-02T05:13:33.483+0200][1219.264s][debug][gc] GC(15) Reclaimed 151 empty regions
[2020-03-02T05:13:33.483+0200][1219.264s][info ][gc] GC(15) Pause Remark 7930M->7326M(8192M) 1.437ms
[2020-03-02T05:13:45.084+0200][1230.864s][info ][gc] GC(15) Pause Cleanup 7349M->7349M(8192M) 0.248ms
[2020-03-02T05:13:45.116+0200][1230.895s][info ][gc] GC(15) Concurrent Cycle 24963.272ms
[2020-03-02T05:13:50.967+0200][1236.747s][info ][gc] GC(16) Pause Young (Concurrent Start) (G1 Humongous Allocation) 7349M->7338M(8192M) 4625.951ms
[2020-03-02T05:13:50.967+0200][1236.747s][info ][gc] GC(17) Concurrent Cycle
[2020-03-02T05:13:59.407+0200][1245.186s][debug][gc] GC(17) Reclaimed 737 empty regions
[2020-03-02T05:13:59.408+0200][1245.187s][info ][gc] GC(17) Pause Remark 7350M->4402M(8192M) 4.005ms
[2020-03-02T05:14:07.084+0200][1252.863s][info ][gc] GC(17) Pause Cleanup 4416M->4416M(8192M) 0.244ms
[2020-03-02T05:14:07.116+0200][1252.895s][info ][gc] GC(17) Concurrent Cycle 16148.425ms
[2020-03-02T05:14:11.739+0200][1257.518s][info ][gc] GC(18) Pause Young (Concurrent Start) (G1 Humongous Allocation) 4417M->4406M(8192M) 3358.361ms
[2020-03-02T05:14:11.739+0200][1257.518s][info ][gc] GC(19) Concurrent Cycle
[2020-03-02T05:14:33.471+0200][1279.248s][debug][gc] GC(19) Reclaimed 4 empty regions
[2020-03-02T05:14:33.471+0200][1279.248s][info ][gc] GC(19) Pause Remark 4426M->4410M(8192M) 1.112ms
[2020-03-02T05:14:41.414+0200][1287.191s][info ][gc] GC(19) Pause Cleanup 4424M->4424M(8192M) 0.263ms
[2020-03-02T05:14:41.447+0200][1287.224s][info ][gc] GC(19) Concurrent Cycle 29705.876ms
[2020-03-02T05:14:45.128+0200][1290.906s][info ][gc] GC(20) Pause Young (Concurrent Start) (G1 Humongous Allocation) 4424M->4414M(8192M) 2427.488ms
[2020-03-02T05:14:45.128+0200][1290.906s][info ][gc] GC(21) Concurrent Cycle
[2020-03-02T05:14:53.516+0200][1299.294s][debug][gc] GC(21) Reclaimed 6 empty regions
[2020-03-02T05:14:53.516+0200][1299.294s][info ][gc] GC(21) Pause Remark 4422M->4398M(8192M) 1.448ms
[2020-03-02T05:15:01.793+0200][1307.569s][info ][gc] GC(21) Pause Cleanup 4412M->4412M(8192M) 0.292ms
[2020-03-02T05:15:01.808+0200][1307.585s][info ][gc] GC(21) Concurrent Cycle 16679.371ms
[2020-03-02T05:15:05.135+0200][1310.912s][info ][gc] GC(22) Pause Young (Concurrent Start) (G1 Humongous Allocation) 4412M->4402M(8192M) 3236.242ms
[2020-03-02T05:15:05.135+0200][1310.912s][info ][gc] GC(23) Concurrent Cycle
[2020-03-02T05:15:13.914+0200][1319.691s][debug][gc] GC(23) Reclaimed 3 empty regions
[2020-03-02T05:15:13.914+0200][1319.691s][info ][gc] GC(23) Pause Remark 4412M->4400M(8192M) 1.404ms
[2020-03-02T05:15:22.148+0200][1327.924s][info ][gc] GC(23) Pause Cleanup 4414M->4414M(8192M) 0.275ms
[2020-03-02T05:15:22.165+0200][1327.941s][info ][gc] GC(23) Concurrent Cycle 17028.817ms
[2020-03-02T05:15:27.146+0200][1332.923s][info ][gc] GC(24) Pause Young (Concurrent Start) (G1 Humongous Allocation) 4414M->4406M(8192M) 3301.383ms
[2020-03-02T05:15:27.146+0200][1332.923s][info ][gc] GC(25) Concurrent Cycle
[2020-03-02T05:15:49.297+0200][1355.072s][debug][gc] GC(25) Reclaimed 4 empty regions
[2020-03-02T05:15:49.297+0200][1355.072s][info ][gc] GC(25) Pause Remark 4426M->4410M(8192M) 1.401ms
[2020-03-02T05:15:56.247+0200][1362.022s][info ][gc] GC(25) Pause Cleanup 4418M->4418M(8192M) 0.236ms
[2020-03-02T05:15:56.280+0200][1362.055s][info ][gc] GC(25) Concurrent Cycle 29132.019ms
[2020-03-02T05:15:59.646+0200][1365.421s][info ][gc] GC(26) Pause Young (Concurrent Start) (G1 Humongous Allocation) 4418M->4410M(8192M) 2501.951ms
[2020-03-02T05:15:59.646+0200][1365.421s][info ][gc] GC(27) Concurrent Cycle
[2020-03-02T05:16:20.775+0200][1386.549s][debug][gc] GC(27) Reclaimed 5 empty regions
[2020-03-02T05:16:20.775+0200][1386.549s][info ][gc] GC(27) Pause Remark 4430M->4410M(8192M) 1.420ms
[2020-03-02T05:16:28.478+0200][1394.252s][info ][gc] GC(27) Pause Cleanup 4418M->4418M(8192M) 0.291ms
[2020-03-02T05:16:28.493+0200][1394.267s][info ][gc] GC(27) Concurrent Cycle 28846.199ms
[2020-03-02T05:16:31.337+0200][1397.111s][info ][gc] GC(28) Pause Young (Concurrent Start) (G1 Humongous Allocation) 4418M->4410M(8192M) 2494.367ms
[2020-03-02T05:16:31.337+0200][1397.111s][info ][gc] GC(29) Concurrent Cycle
[2020-03-02T05:16:52.022+0200][1417.795s][debug][gc] GC(29) Reclaimed 5 empty regions
[2020-03-02T05:16:52.022+0200][1417.795s][info ][gc] GC(29) Pause Remark 4432M->4412M(8192M) 1.516ms
[2020-03-02T05:16:59.433+0200][1425.206s][info ][gc] GC(29) Pause Cleanup 4420M->4420M(8192M) 0.322ms
[2020-03-02T05:16:59.478+0200][1425.250s][info ][gc] GC(29) Concurrent Cycle 28139.467ms
[2020-03-02T05:17:02.541+0200][1428.313s][info ][gc] GC(30) Pause Young (Concurrent Start) (G1 Humongous Allocation) 4420M->4410M(8192M) 2635.228ms
[2020-03-02T05:17:02.541+0200][1428.314s][info ][gc] GC(31) Concurrent Cycle
[2020-03-02T05:17:35.353+0200][1461.124s][debug][gc] GC(31) Reclaimed 5 empty regions
[2020-03-02T05:17:35.353+0200][1461.125s][info ][gc] GC(31) Pause Remark 4440M->4420M(8192M) 1.273ms
[2020-03-02T05:17:41.642+0200][1467.413s][info ][gc] GC(31) Pause Cleanup 4430M->4430M(8192M) 0.223ms
[2020-03-02T05:17:41.673+0200][1467.444s][info ][gc] GC(31) Concurrent Cycle 39129.963ms
[2020-03-02T05:17:44.691+0200][1470.462s][info ][gc] GC(32) Pause Young (Concurrent Start) (G1 Humongous Allocation) 4430M->4418M(8192M) 2557.139ms
[2020-03-02T05:17:44.691+0200][1470.462s][info ][gc] GC(33) Concurrent Cycle
[2020-03-02T05:18:04.725+0200][1490.495s][debug][gc] GC(33) Reclaimed 7 empty regions
[2020-03-02T05:18:04.725+0200][1490.495s][info ][gc] GC(33) Pause Remark 4440M->4412M(8192M) 1.264ms
[2020-03-02T05:18:11.476+0200][1497.246s][info ][gc] GC(33) Pause Cleanup 4420M->4420M(8192M) 0.266ms
[2020-03-02T05:18:11.492+0200][1497.262s][info ][gc] GC(33) Concurrent Cycle 26800.610ms
[2020-03-02T05:18:14.437+0200][1500.207s][info ][gc] GC(34) Pause Young (Concurrent Start) (G1 Humongous Allocation) 4420M->4410M(8192M) 2579.620ms
[2020-03-02T05:18:14.437+0200][1500.207s][info ][gc] GC(35) Concurrent Cycle
[2020-03-02T05:18:27.779+0200][1513.548s][debug][gc] GC(35) Reclaimed 5 empty regions
[2020-03-02T05:18:27.779+0200][1513.548s][info ][gc] GC(35) Pause Remark 4426M->4406M(8192M) 1.221ms
[2020-03-02T05:18:34.744+0200][1520.513s][info ][gc] GC(35) Pause Cleanup 4418M->4418M(8192M) 0.320ms
[2020-03-02T05:18:34.757+0200][1520.526s][info ][gc] GC(35) Concurrent Cycle 20319.193ms
[2020-03-02T05:18:37.562+0200][1523.331s][info ][gc] GC(36) Pause Young (Concurrent Start) (G1 Humongous Allocation) 4418M->4406M(8192M) 2684.746ms
[2020-03-02T05:18:37.562+0200][1523.331s][info ][gc] GC(37) Concurrent Cycle
[2020-03-02T05:18:50.577+0200][1536.345s][debug][gc] GC(37) Reclaimed 4 empty regions
[2020-03-02T05:18:50.577+0200][1536.345s][info ][gc] GC(37) Pause Remark 4422M->4406M(8192M) 1.055ms
[2020-03-02T05:18:57.074+0200][1542.842s][info ][gc] GC(37) Pause Cleanup 4416M->4416M(8192M) 0.262ms
[2020-03-02T05:18:57.114+0200][1542.882s][info ][gc] GC(37) Concurrent Cycle 19551.845ms
[2020-03-02T05:19:00.243+0200][1546.011s][info ][gc] GC(38) Pause Young (Concurrent Start) (G1 Humongous Allocation) 4416M->4406M(8192M) 2696.698ms
[2020-03-02T05:19:00.243+0200][1546.011s][info ][gc] GC(39) Concurrent Cycle
[2020-03-02T05:19:19.900+0200][1565.668s][debug][gc] GC(39) Reclaimed 4 empty regions
[2020-03-02T05:19:19.900+0200][1565.668s][info ][gc] GC(39) Pause Remark 4426M->4410M(8192M) 1.187ms
[2020-03-02T05:19:26.370+0200][1572.137s][info ][gc] GC(39) Pause Cleanup 4420M->4420M(8192M) 0.246ms
[2020-03-02T05:19:26.411+0200][1572.178s][info ][gc] GC(39) Concurrent Cycle 26166.917ms
[2020-03-02T05:19:29.665+0200][1575.432s][info ][gc] GC(40) Pause Young (Concurrent Start) (G1 Humongous Allocation) 4420M->4410M(8192M) 2764.598ms
[2020-03-02T05:19:29.665+0200][1575.433s][info ][gc] GC(41) Concurrent Cycle
[2020-03-02T05:19:42.857+0200][1588.623s][debug][gc] GC(41) Reclaimed 5 empty regions
[2020-03-02T05:19:42.857+0200][1588.623s][info ][gc] GC(41) Pause Remark 4424M->4404M(8192M) 1.022ms
[2020-03-02T05:19:49.893+0200][1595.659s][info ][gc] GC(41) Pause Cleanup 4416M->4416M(8192M) 0.263ms
[2020-03-02T05:19:49.900+0200][1595.666s][info ][gc] GC(41) Concurrent Cycle 20233.925ms
[2020-03-02T05:19:52.578+0200][1598.344s][info ][gc] GC(42) Pause Young (Concurrent Start) (G1 Humongous Allocation) 4416M->4406M(8192M) 2662.986ms
[2020-03-02T05:19:52.578+0200][1598.344s][info ][gc] GC(43) Concurrent Cycle
[2020-03-02T05:20:05.220+0200][1610.986s][debug][gc] GC(43) Reclaimed 4 empty regions
[2020-03-02T05:20:05.220+0200][1610.986s][info ][gc] GC(43) Pause Remark 4420M->4404M(8192M) 1.170ms
[2020-03-02T05:20:11.801+0200][1617.566s][info ][gc] GC(43) Pause Cleanup 4416M->4416M(8192M) 0.258ms
[2020-03-02T05:20:11.837+0200][1617.602s][info ][gc] GC(43) Concurrent Cycle 19257.508ms
[2020-03-02T05:20:13.739+0200][1619.504s][info ][gc] GC(44) Pause Young (Concurrent Start) (G1 Humongous Allocation) 4416M->4407M(8192M) 1429.239ms
[2020-03-02T05:20:13.739+0200][1619.504s][info ][gc] GC(45) Concurrent Cycle
[2020-03-02T05:20:26.655+0200][1632.420s][debug][gc] GC(45) Reclaimed 4 empty regions
[2020-03-02T05:20:26.655+0200][1632.420s][info ][gc] GC(45) Pause Remark 4420M->4404M(8192M) 1.205ms
[2020-03-02T05:20:33.020+0200][1638.785s][info ][gc] GC(45) Pause Cleanup 4414M->4414M(8192M) 0.227ms
[2020-03-02T05:20:33.060+0200][1638.826s][info ][gc] GC(45) Concurrent Cycle 19321.498ms
[2020-03-02T05:20:34.164+0200][1639.928s][info ][gc] GC(46) Pause Young (Concurrent Start) (G1 Humongous Allocation) 4414M->4407M(8192M) 532.412ms
[2020-03-02T05:20:34.164+0200][1639.928s][info ][gc] GC(47) Concurrent Cycle
[2020-03-02T05:20:47.641+0200][1653.405s][debug][gc] GC(47) Reclaimed 4 empty regions
[2020-03-02T05:20:47.641+0200][1653.406s][info ][gc] GC(47) Pause Remark 4420M->4404M(8192M) 1.110ms
[2020-03-02T05:20:54.575+0200][1660.339s][info ][gc] GC(47) Pause Cleanup 4418M->4418M(8192M) 0.228ms
[2020-03-02T05:20:54.597+0200][1660.361s][info ][gc] GC(47) Concurrent Cycle 20432.515ms
[2020-03-02T05:20:55.363+0200][1661.127s][info ][gc] GC(48) Pause Young (Concurrent Start) (G1 Humongous Allocation) 4418M->4407M(8192M) 520.075ms
[2020-03-02T05:20:55.363+0200][1661.127s][info ][gc] GC(49) Concurrent Cycle
[2020-03-02T05:21:08.897+0200][1674.661s][debug][gc] GC(49) Reclaimed 4 empty regions
[2020-03-02T05:21:08.897+0200][1674.661s][info ][gc] GC(49) Pause Remark 4425M->4409M(8192M) 1.298ms
[2020-03-02T05:21:15.244+0200][1681.007s][info ][gc] GC(49) Pause Cleanup 4419M->4419M(8192M) 0.228ms
[2020-03-02T05:21:15.285+0200][1681.048s][info ][gc] GC(49) Concurrent Cycle 19921.001ms
[2020-03-02T05:21:16.372+0200][1682.135s][info ][gc] GC(50) Pause Young (Concurrent Start) (G1 Humongous Allocation) 4419M->4407M(8192M) 517.962ms
[2020-03-02T05:21:16.372+0200][1682.135s][info ][gc] GC(51) Concurrent Cycle
[2020-03-02T05:21:29.932+0200][1695.694s][debug][gc] GC(51) Reclaimed 4 empty regions
[2020-03-02T05:21:29.932+0200][1695.694s][info ][gc] GC(51) Pause Remark 4422M->4406M(8192M) 1.164ms
[2020-03-02T05:21:36.156+0200][1701.919s][info ][gc] GC(51) Pause Cleanup 4417M->4417M(8192M) 0.224ms
[2020-03-02T05:21:36.197+0200][1701.960s][info ][gc] GC(51) Concurrent Cycle 19824.069ms
[2020-03-02T05:21:37.402+0200][1703.165s][info ][gc] GC(52) Pause Young (Concurrent Start) (G1 Humongous Allocation) 4417M->4407M(8192M) 512.013ms
[2020-03-02T05:21:37.402+0200][1703.165s][info ][gc] GC(53) Concurrent Cycle
[2020-03-02T05:21:50.932+0200][1716.694s][debug][gc] GC(53) Reclaimed 4 empty regions
[2020-03-02T05:21:50.932+0200][1716.694s][info ][gc] GC(53) Pause Remark 4423M->4407M(8192M) 1.043ms
[2020-03-02T05:21:58.050+0200][1723.812s][info ][gc] GC(53) Pause Cleanup 4419M->4419M(8192M) 0.231ms
[2020-03-02T05:21:58.077+0200][1723.839s][info ][gc] GC(53) Concurrent Cycle 20674.565ms
[2020-03-02T05:21:58.809+0200][1724.571s][info ][gc] GC(54) Pause Young (Concurrent Start) (G1 Humongous Allocation) 4419M->4407M(8192M) 532.296ms
[2020-03-02T05:21:58.809+0200][1724.571s][info ][gc] GC(55) Concurrent Cycle
[2020-03-02T05:22:12.467+0200][1738.229s][debug][gc] GC(55) Reclaimed 4 empty regions
[2020-03-02T05:22:12.467+0200][1738.229s][info ][gc] GC(55) Pause Remark 4421M->4405M(8192M) 1.210ms
[2020-03-02T05:22:18.891+0200][1744.652s][info ][gc] GC(55) Pause Cleanup 4417M->4417M(8192M) 0.260ms
[2020-03-02T05:22:18.932+0200][1744.693s][info ][gc] GC(55) Concurrent Cycle 20121.433ms
[2020-03-02T05:22:20.033+0200][1745.794s][info ][gc] GC(56) Pause Young (Concurrent Start) (G1 Humongous Allocation) 4417M->4407M(8192M) 515.516ms
[2020-03-02T05:22:20.033+0200][1745.794s][info ][gc] GC(57) Concurrent Cycle
[2020-03-02T05:22:33.721+0200][1759.482s][debug][gc] GC(57) Reclaimed 4 empty regions
[2020-03-02T05:22:33.721+0200][1759.482s][info ][gc] GC(57) Pause Remark 4421M->4405M(8192M) 1.337ms
[2020-03-02T05:22:39.954+0200][1765.714s][info ][gc] GC(57) Pause Cleanup 4415M->4415M(8192M) 0.266ms
[2020-03-02T05:22:40.000+0200][1765.760s][info ][gc] GC(57) Concurrent Cycle 19966.008ms
[2020-03-02T05:22:41.229+0200][1766.989s][info ][gc] GC(58) Pause Young (Concurrent Start) (G1 Humongous Allocation) 4415M->4407M(8192M) 509.482ms
[2020-03-02T05:22:41.229+0200][1766.989s][info ][gc] GC(59) Concurrent Cycle
[2020-03-02T05:23:03.755+0200][1789.514s][debug][gc] GC(59) Reclaimed 4 empty regions
[2020-03-02T05:23:03.755+0200][1789.514s][info ][gc] GC(59) Pause Remark 4427M->4411M(8192M) 1.188ms
[2020-03-02T05:23:10.110+0200][1795.869s][info ][gc] GC(59) Pause Cleanup 4419M->4419M(8192M) 0.213ms
[2020-03-02T05:23:10.156+0200][1795.916s][info ][gc] GC(59) Concurrent Cycle 28926.423ms
[2020-03-02T05:23:11.305+0200][1797.064s][info ][gc] GC(60) Pause Young (Concurrent Start) (G1 Humongous Allocation) 4419M->4411M(8192M) 515.130ms
[2020-03-02T05:23:11.305+0200][1797.064s][info ][gc] GC(61) Concurrent Cycle
[2020-03-02T05:23:25.128+0200][1810.886s][debug][gc] GC(61) Reclaimed 5 empty regions
[2020-03-02T05:23:25.128+0200][1810.886s][info ][gc] GC(61) Pause Remark 4427M->4407M(8192M) 1.151ms
[2020-03-02T05:23:32.262+0200][1818.021s][info ][gc] GC(61) Pause Cleanup 4423M->4423M(8192M) 0.255ms
[2020-03-02T05:23:32.283+0200][1818.042s][info ][gc] GC(61) Concurrent Cycle 20978.485ms
[2020-03-02T05:23:33.103+0200][1818.862s][info ][gc] GC(62) Pause Young (Concurrent Start) (G1 Humongous Allocation) 4423M->4407M(8192M) 502.798ms
[2020-03-02T05:23:33.104+0200][1818.863s][info ][gc] GC(63) Concurrent Cycle
[2020-03-02T05:23:48.738+0200][1834.496s][debug][gc] GC(63) Reclaimed 4 empty regions
[2020-03-02T05:23:48.738+0200][1834.496s][info ][gc] GC(63) Pause Remark 4421M->4405M(8192M) 1.108ms
[2020-03-02T05:23:55.202+0200][1840.960s][info ][gc] GC(63) Pause Cleanup 4415M->4415M(8192M) 0.266ms
[2020-03-02T05:23:55.277+0200][1841.035s][info ][gc] GC(63) Concurrent Cycle 22172.432ms
[2020-03-02T05:23:56.456+0200][1842.214s][info ][gc] GC(64) Pause Young (Concurrent Start) (G1 Humongous Allocation) 4415M->4407M(8192M) 486.626ms
[2020-03-02T05:23:56.456+0200][1842.214s][info ][gc] GC(65) Concurrent Cycle
[2020-03-02T05:24:13.180+0200][1858.937s][debug][gc] GC(65) Reclaimed 4 empty regions
[2020-03-02T05:24:13.180+0200][1858.938s][info ][gc] GC(65) Pause Remark 4423M->4407M(8192M) 1.442ms
[2020-03-02T05:24:19.468+0200][1865.224s][info ][gc] GC(65) Pause Cleanup 4415M->4415M(8192M) 0.239ms
[2020-03-02T05:24:19.551+0200][1865.307s][info ][gc] GC(65) Concurrent Cycle 23093.327ms
[2020-03-02T05:24:20.724+0200][1866.481s][info ][gc] GC(66) Pause Young (Concurrent Start) (G1 Humongous Allocation) 4415M->4407M(8192M) 473.539ms
[2020-03-02T05:24:20.724+0200][1866.481s][info ][gc] GC(67) Concurrent Cycle
[2020-03-02T05:24:34.675+0200][1880.432s][debug][gc] GC(67) Reclaimed 4 empty regions
[2020-03-02T05:24:34.676+0200][1880.432s][info ][gc] GC(67) Pause Remark 4421M->4405M(8192M) 0.978ms
[2020-03-02T05:24:40.922+0200][1886.678s][info ][gc] GC(67) Pause Cleanup 4415M->4415M(8192M) 0.219ms
[2020-03-02T05:24:40.975+0200][1886.732s][info ][gc] GC(67) Concurrent Cycle 20250.757ms
[2020-03-02T05:24:42.209+0200][1887.965s][info ][gc] GC(68) Pause Young (Concurrent Start) (G1 Humongous Allocation) 4415M->4407M(8192M) 475.355ms
[2020-03-02T05:24:42.209+0200][1887.965s][info ][gc] GC(69) Concurrent Cycle
[2020-03-02T05:24:56.288+0200][1902.043s][debug][gc] GC(69) Reclaimed 4 empty regions
[2020-03-02T05:24:56.288+0200][1902.043s][info ][gc] GC(69) Pause Remark 4423M->4407M(8192M) 1.108ms
[2020-03-02T05:25:03.216+0200][1908.972s][info ][gc] GC(69) Pause Cleanup 4418M->4418M(8192M) 0.225ms
[2020-03-02T05:25:03.257+0200][1909.013s][info ][gc] GC(69) Concurrent Cycle 21047.751ms
[2020-03-02T05:25:04.142+0200][1909.897s][info ][gc] GC(70) Pause Young (Concurrent Start) (G1 Humongous Allocation) 4418M->4407M(8192M) 477.966ms
[2020-03-02T05:25:04.142+0200][1909.897s][info ][gc] GC(71) Concurrent Cycle
[2020-03-02T05:25:18.675+0200][1924.429s][debug][gc] GC(71) Reclaimed 4 empty regions
[2020-03-02T05:25:18.675+0200][1924.429s][info ][gc] GC(71) Pause Remark 4422M->4406M(8192M) 1.199ms
[2020-03-02T05:25:24.909+0200][1930.664s][info ][gc] GC(71) Pause Cleanup 4415M->4415M(8192M) 0.226ms
[2020-03-02T05:25:24.949+0200][1930.704s][info ][gc] GC(71) Concurrent Cycle 20806.643ms
[2020-03-02T05:25:26.227+0200][1931.982s][info ][gc] GC(72) Pause Young (Concurrent Start) (G1 Humongous Allocation) 4415M->4407M(8192M) 471.708ms
[2020-03-02T05:25:26.228+0200][1931.982s][info ][gc] GC(73) Concurrent Cycle
[2020-03-02T05:25:40.316+0200][1946.070s][debug][gc] GC(73) Reclaimed 4 empty regions
[2020-03-02T05:25:40.316+0200][1946.070s][info ][gc] GC(73) Pause Remark 4422M->4406M(8192M) 1.210ms
[2020-03-02T05:25:46.449+0200][1952.203s][info ][gc] GC(73) Pause Cleanup 4414M->4414M(8192M) 0.265ms
[2020-03-02T05:25:46.489+0200][1952.243s][info ][gc] GC(73) Concurrent Cycle 20260.989ms
[2020-03-02T05:25:47.839+0200][1953.593s][info ][gc] GC(74) Pause Young (Concurrent Start) (G1 Humongous Allocation) 4414M->4407M(8192M) 474.104ms
[2020-03-02T05:25:47.839+0200][1953.593s][info ][gc] GC(75) Concurrent Cycle
[2020-03-02T05:26:01.950+0200][1967.703s][debug][gc] GC(75) Reclaimed 4 empty regions
[2020-03-02T05:26:01.950+0200][1967.703s][info ][gc] GC(75) Pause Remark 4422M->4406M(8192M) 1.175ms
[2020-03-02T05:26:08.854+0200][1974.607s][info ][gc] GC(75) Pause Cleanup 4417M->4417M(8192M) 0.218ms
[2020-03-02T05:26:08.894+0200][1974.647s][info ][gc] GC(75) Concurrent Cycle 21054.006ms
[2020-03-02T05:26:09.839+0200][1975.593s][info ][gc] GC(76) Pause Young (Concurrent Start) (G1 Humongous Allocation) 4417M->4407M(8192M) 480.729ms
[2020-03-02T05:26:09.840+0200][1975.593s][info ][gc] GC(77) Concurrent Cycle
[2020-03-02T05:26:23.970+0200][1989.722s][debug][gc] GC(77) Reclaimed 4 empty regions
[2020-03-02T05:26:23.970+0200][1989.722s][info ][gc] GC(77) Pause Remark 4421M->4405M(8192M) 1.121ms
[2020-03-02T05:26:30.167+0200][1995.919s][info ][gc] GC(77) Pause Cleanup 4417M->4417M(8192M) 0.225ms
[2020-03-02T05:26:30.208+0200][1995.960s][info ][gc] GC(77) Concurrent Cycle 20366.607ms
[2020-03-02T05:26:31.482+0200][1997.234s][info ][gc] GC(78) Pause Young (Concurrent Start) (G1 Humongous Allocation) 4417M->4407M(8192M) 472.792ms
[2020-03-02T05:26:31.482+0200][1997.234s][info ][gc] GC(79) Concurrent Cycle
[2020-03-02T05:26:45.690+0200][2011.442s][debug][gc] GC(79) Reclaimed 4 empty regions
[2020-03-02T05:26:45.690+0200][2011.442s][info ][gc] GC(79) Pause Remark 4421M->4405M(8192M) 1.124ms
[2020-03-02T05:26:51.776+0200][2017.528s][info ][gc] GC(79) Pause Cleanup 4415M->4415M(8192M) 0.261ms
[2020-03-02T05:26:51.817+0200][2017.569s][info ][gc] GC(79) Concurrent Cycle 20335.513ms
[2020-03-02T05:26:53.222+0200][2018.974s][info ][gc] GC(80) Pause Young (Concurrent Start) (G1 Humongous Allocation) 4415M->4407M(8192M) 471.541ms
[2020-03-02T05:26:53.222+0200][2018.974s][info ][gc] GC(81) Concurrent Cycle
[2020-03-02T05:27:07.483+0200][2033.233s][debug][gc] GC(81) Reclaimed 4 empty regions
[2020-03-02T05:27:07.483+0200][2033.233s][info ][gc] GC(81) Pause Remark 4423M->4407M(8192M) 1.123ms
[2020-03-02T05:27:14.407+0200][2040.158s][info ][gc] GC(81) Pause Cleanup 4416M->4416M(8192M) 0.226ms
[2020-03-02T05:27:14.448+0200][2040.199s][info ][gc] GC(81) Concurrent Cycle 21224.656ms
[2020-03-02T05:27:15.405+0200][2041.156s][info ][gc] GC(82) Pause Young (Concurrent Start) (G1 Humongous Allocation) 4416M->4407M(8192M) 483.365ms
[2020-03-02T05:27:15.405+0200][2041.157s][info ][gc] GC(83) Concurrent Cycle
[2020-03-02T05:27:40.208+0200][2065.958s][debug][gc] GC(83) Reclaimed 4 empty regions
[2020-03-02T05:27:40.208+0200][2065.958s][info ][gc] GC(83) Pause Remark 4429M->4413M(8192M) 1.125ms
[2020-03-02T05:27:46.272+0200][2072.022s][info ][gc] GC(83) Pause Cleanup 4423M->4423M(8192M) 0.263ms
[2020-03-02T05:27:46.313+0200][2072.062s][info ][gc] GC(83) Concurrent Cycle 30905.956ms
[2020-03-02T05:27:47.789+0200][2073.538s][info ][gc] GC(84) Pause Young (Concurrent Start) (G1 Humongous Allocation) 4423M->4411M(8192M) 491.970ms
[2020-03-02T05:27:47.789+0200][2073.538s][info ][gc] GC(85) Concurrent Cycle
[2020-03-02T05:28:09.464+0200][2095.212s][debug][gc] GC(85) Reclaimed 5 empty regions
[2020-03-02T05:28:09.464+0200][2095.213s][info ][gc] GC(85) Pause Remark 4433M->4413M(8192M) 1.133ms
[2020-03-02T05:28:15.636+0200][2101.385s][info ][gc] GC(85) Pause Cleanup 4421M->4421M(8192M) 0.230ms
[2020-03-02T05:28:15.668+0200][2101.416s][info ][gc] GC(85) Concurrent Cycle 27878.154ms
[2020-03-02T05:28:17.113+0200][2102.862s][info ][gc] GC(86) Pause Young (Concurrent Start) (G1 Humongous Allocation) 4421M->4411M(8192M) 501.000ms
[2020-03-02T05:28:17.113+0200][2102.862s][info ][gc] GC(87) Concurrent Cycle
[2020-03-02T05:28:32.475+0200][2118.223s][debug][gc] GC(87) Reclaimed 5 empty regions
[2020-03-02T05:28:32.476+0200][2118.223s][info ][gc] GC(87) Pause Remark 4425M->4405M(8192M) 1.007ms
[2020-03-02T05:28:38.682+0200][2124.430s][info ][gc] GC(87) Pause Cleanup 4417M->4417M(8192M) 0.226ms
[2020-03-02T05:28:38.723+0200][2124.471s][info ][gc] GC(87) Concurrent Cycle 21609.041ms
[2020-03-02T05:28:40.172+0200][2125.920s][info ][gc] GC(88) Pause Young (Concurrent Start) (G1 Humongous Allocation) 4417M->4407M(8192M) 496.808ms
[2020-03-02T05:28:40.173+0200][2125.921s][info ][gc] GC(89) Concurrent Cycle
[2020-03-02T05:28:54.799+0200][2140.546s][debug][gc] GC(89) Reclaimed 4 empty regions
[2020-03-02T05:28:54.799+0200][2140.546s][info ][gc] GC(89) Pause Remark 4423M->4407M(8192M) 1.243ms
[2020-03-02T05:29:00.857+0200][2146.604s][info ][gc] GC(89) Pause Cleanup 4417M->4417M(8192M) 0.238ms
[2020-03-02T05:29:00.897+0200][2146.645s][info ][gc] GC(89) Concurrent Cycle 20724.489ms
[2020-03-02T05:29:02.439+0200][2148.186s][info ][gc] GC(90) Pause Young (Concurrent Start) (G1 Humongous Allocation) 4417M->4407M(8192M) 497.876ms
[2020-03-02T05:29:02.439+0200][2148.186s][info ][gc] GC(91) Concurrent Cycle
[2020-03-02T05:29:16.939+0200][2162.685s][debug][gc] GC(91) Reclaimed 4 empty regions
[2020-03-02T05:29:16.939+0200][2162.685s][info ][gc] GC(91) Pause Remark 4421M->4405M(8192M) 1.075ms
[2020-03-02T05:29:22.993+0200][2168.739s][info ][gc] GC(91) Pause Cleanup 4415M->4415M(8192M) 0.285ms
[2020-03-02T05:29:23.034+0200][2168.780s][info ][gc] GC(91) Concurrent Cycle 20593.793ms
[2020-03-02T05:29:24.552+0200][2170.298s][info ][gc] GC(92) Pause Young (Concurrent Start) (G1 Humongous Allocation) 4415M->4407M(8192M) 495.024ms
[2020-03-02T05:29:24.552+0200][2170.299s][info ][gc] GC(93) Concurrent Cycle
[2020-03-02T05:29:39.121+0200][2184.867s][debug][gc] GC(93) Reclaimed 4 empty regions
[2020-03-02T05:29:39.121+0200][2184.867s][info ][gc] GC(93) Pause Remark 4423M->4407M(8192M) 1.205ms
[2020-03-02T05:29:45.204+0200][2190.950s][info ][gc] GC(93) Pause Cleanup 4415M->4415M(8192M) 0.320ms
[2020-03-02T05:29:45.245+0200][2190.991s][info ][gc] GC(93) Concurrent Cycle 20692.642ms
[2020-03-02T05:29:46.748+0200][2192.494s][info ][gc] GC(94) Pause Young (Concurrent Start) (G1 Humongous Allocation) 4415M->4407M(8192M) 494.400ms
[2020-03-02T05:29:46.748+0200][2192.494s][info ][gc] GC(95) Concurrent Cycle
[2020-03-02T05:30:01.321+0200][2207.066s][debug][gc] GC(95) Reclaimed 4 empty regions
[2020-03-02T05:30:01.321+0200][2207.066s][info ][gc] GC(95) Pause Remark 4421M->4405M(8192M) 1.269ms
[2020-03-02T05:30:07.351+0200][2213.096s][info ][gc] GC(95) Pause Cleanup 4415M->4415M(8192M) 0.268ms
[2020-03-02T05:30:07.391+0200][2213.136s][info ][gc] GC(95) Concurrent Cycle 20641.960ms
[2020-03-02T05:30:08.969+0200][2214.714s][info ][gc] GC(96) Pause Young (Concurrent Start) (G1 Humongous Allocation) 4415M->4407M(8192M) 493.308ms
[2020-03-02T05:30:08.969+0200][2214.714s][info ][gc] GC(97) Concurrent Cycle
[2020-03-02T05:30:23.685+0200][2229.430s][debug][gc] GC(97) Reclaimed 4 empty regions
[2020-03-02T05:30:23.685+0200][2229.430s][info ][gc] GC(97) Pause Remark 4421M->4405M(8192M) 1.152ms
[2020-03-02T05:30:29.809+0200][2235.553s][info ][gc] GC(97) Pause Cleanup 4415M->4415M(8192M) 0.366ms
[2020-03-02T05:30:29.850+0200][2235.594s][info ][gc] GC(97) Concurrent Cycle 20880.145ms
[2020-03-02T05:30:31.391+0200][2237.136s][info ][gc] GC(98) Pause Young (Concurrent Start) (G1 Humongous Allocation) 4415M->4407M(8192M) 498.575ms
[2020-03-02T05:30:31.391+0200][2237.136s][info ][gc] GC(99) Concurrent Cycle
[2020-03-02T05:30:46.156+0200][2251.899s][debug][gc] GC(99) Reclaimed 4 empty regions
[2020-03-02T05:30:46.156+0200][2251.899s][info ][gc] GC(99) Pause Remark 4421M->4405M(8192M) 1.140ms
[2020-03-02T05:30:52.274+0200][2258.017s][info ][gc] GC(99) Pause Cleanup 4415M->4415M(8192M) 0.265ms
[2020-03-02T05:30:52.314+0200][2258.058s][info ][gc] GC(99) Concurrent Cycle 20922.172ms
[2020-03-02T05:30:53.876+0200][2259.619s][info ][gc] GC(100) Pause Young (Concurrent Start) (G1 Humongous Allocation) 4415M->4407M(8192M) 500.262ms
[2020-03-02T05:30:53.876+0200][2259.619s][info ][gc] GC(101) Concurrent Cycle
[2020-03-02T05:31:08.663+0200][2274.406s][debug][gc] GC(101) Reclaimed 4 empty regions
[2020-03-02T05:31:08.663+0200][2274.406s][info ][gc] GC(101) Pause Remark 4423M->4407M(8192M) 1.360ms
[2020-03-02T05:31:14.745+0200][2280.487s][info ][gc] GC(101) Pause Cleanup 4415M->4415M(8192M) 0.278ms
[2020-03-02T05:31:14.777+0200][2280.519s][info ][gc] GC(101) Concurrent Cycle 20899.556ms
[2020-03-02T05:31:16.383+0200][2282.125s][info ][gc] GC(102) Pause Young (Concurrent Start) (G1 Humongous Allocation) 4415M->4407M(8192M) 496.793ms
[2020-03-02T05:31:16.383+0200][2282.125s][info ][gc] GC(103) Concurrent Cycle
[2020-03-02T05:31:31.179+0200][2296.921s][debug][gc] GC(103) Reclaimed 4 empty regions
[2020-03-02T05:31:31.179+0200][2296.921s][info ][gc] GC(103) Pause Remark 4421M->4405M(8192M) 1.086ms
[2020-03-02T05:31:37.314+0200][2303.056s][info ][gc] GC(103) Pause Cleanup 4415M->4415M(8192M) 0.252ms
[2020-03-02T05:31:37.355+0200][2303.097s][info ][gc] GC(103) Concurrent Cycle 20971.697ms
[2020-03-02T05:31:38.976+0200][2304.718s][info ][gc] GC(104) Pause Young (Concurrent Start) (G1 Humongous Allocation) 4415M->4407M(8192M) 498.614ms
[2020-03-02T05:31:38.976+0200][2304.719s][info ][gc] GC(105) Concurrent Cycle
[2020-03-02T05:32:02.365+0200][2328.106s][debug][gc] GC(105) Reclaimed 4 empty regions
[2020-03-02T05:32:02.365+0200][2328.106s][info ][gc] GC(105) Pause Remark 4427M->4411M(8192M) 1.140ms
[2020-03-02T05:32:08.555+0200][2334.296s][info ][gc] GC(105) Pause Cleanup 4421M->4421M(8192M) 0.359ms
[2020-03-02T05:32:08.587+0200][2334.328s][info ][gc] GC(105) Concurrent Cycle 29609.439ms
[2020-03-02T05:32:10.160+0200][2335.901s][info ][gc] GC(106) Pause Young (Concurrent Start) (G1 Humongous Allocation) 4421M->4411M(8192M) 515.743ms
[2020-03-02T05:32:10.160+0200][2335.901s][info ][gc] GC(107) Concurrent Cycle
[2020-03-02T05:32:25.246+0200][2350.986s][debug][gc] GC(107) Reclaimed 5 empty regions
[2020-03-02T05:32:25.246+0200][2350.986s][info ][gc] GC(107) Pause Remark 4427M->4407M(8192M) 1.097ms
[2020-03-02T05:32:31.386+0200][2357.126s][info ][gc] GC(107) Pause Cleanup 4415M->4415M(8192M) 0.224ms
[2020-03-02T05:32:31.427+0200][2357.167s][info ][gc] GC(107) Concurrent Cycle 21266.004ms
[2020-03-02T05:32:33.048+0200][2358.789s][info ][gc] GC(108) Pause Young (Concurrent Start) (G1 Humongous Allocation) 4415M->4407M(8192M) 501.182ms
[2020-03-02T05:32:33.049+0200][2358.789s][info ][gc] GC(109) Concurrent Cycle
[2020-03-02T05:32:48.152+0200][2373.891s][debug][gc] GC(109) Reclaimed 4 empty regions
[2020-03-02T05:32:48.152+0200][2373.891s][info ][gc] GC(109) Pause Remark 4421M->4405M(8192M) 1.138ms
[2020-03-02T05:32:54.306+0200][2380.045s][info ][gc] GC(109) Pause Cleanup 4415M->4415M(8192M) 0.261ms
[2020-03-02T05:32:54.338+0200][2380.077s][info ][gc] GC(109) Concurrent Cycle 21288.185ms
[2020-03-02T05:32:55.973+0200][2381.713s][info ][gc] GC(110) Pause Young (Concurrent Start) (G1 Humongous Allocation) 4415M->4407M(8192M) 523.242ms
[2020-03-02T05:32:55.974+0200][2381.713s][info ][gc] GC(111) Concurrent Cycle
[2020-03-02T05:33:10.979+0200][2396.718s][debug][gc] GC(111) Reclaimed 4 empty regions
[2020-03-02T05:33:10.979+0200][2396.718s][info ][gc] GC(111) Pause Remark 4423M->4407M(8192M) 1.147ms
[2020-03-02T05:33:18.192+0200][2403.931s][info ][gc] GC(111) Pause Cleanup 4417M->4417M(8192M) 0.287ms
[2020-03-02T05:33:18.214+0200][2403.953s][info ][gc] GC(111) Concurrent Cycle 22239.860ms
[2020-03-02T05:33:19.223+0200][2404.962s][info ][gc] GC(112) Pause Young (Concurrent Start) (G1 Humongous Allocation) 4417M->4407M(8192M) 503.044ms
[2020-03-02T05:33:19.223+0200][2404.962s][info ][gc] GC(113) Concurrent Cycle
[2020-03-02T05:33:34.292+0200][2420.030s][debug][gc] GC(113) Reclaimed 4 empty regions
[2020-03-02T05:33:34.292+0200][2420.030s][info ][gc] GC(113) Pause Remark 4421M->4405M(8192M) 1.370ms
[2020-03-02T05:33:40.365+0200][2426.103s][info ][gc] GC(113) Pause Cleanup 4419M->4419M(8192M) 0.261ms
[2020-03-02T05:33:40.397+0200][2426.134s][info ][gc] GC(113) Concurrent Cycle 21172.800ms
[2020-03-02T05:33:42.101+0200][2427.839s][info ][gc] GC(114) Pause Young (Concurrent Start) (G1 Humongous Allocation) 4419M->4407M(8192M) 502.262ms
[2020-03-02T05:33:42.101+0200][2427.840s][info ][gc] GC(115) Concurrent Cycle
[2020-03-02T05:33:57.249+0200][2442.986s][debug][gc] GC(115) Reclaimed 4 empty regions
[2020-03-02T05:33:57.249+0200][2442.986s][info ][gc] GC(115) Pause Remark 4421M->4405M(8192M) 1.130ms
[2020-03-02T05:34:03.463+0200][2449.200s][info ][gc] GC(115) Pause Cleanup 4415M->4415M(8192M) 0.261ms
[2020-03-02T05:34:03.504+0200][2449.241s][info ][gc] GC(115) Concurrent Cycle 21401.059ms
[2020-03-02T05:34:05.115+0200][2450.852s][info ][gc] GC(116) Pause Young (Concurrent Start) (G1 Humongous Allocation) 4415M->4407M(8192M) 493.412ms
[2020-03-02T05:34:05.115+0200][2450.852s][info ][gc] GC(117) Concurrent Cycle
[2020-03-02T05:34:20.286+0200][2466.022s][debug][gc] GC(117) Reclaimed 4 empty regions
[2020-03-02T05:34:20.286+0200][2466.022s][info ][gc] GC(117) Pause Remark 4423M->4407M(8192M) 1.246ms
[2020-03-02T05:34:27.392+0200][2473.128s][info ][gc] GC(117) Pause Cleanup 4421M->4421M(8192M) 0.249ms
[2020-03-02T05:34:27.433+0200][2473.169s][info ][gc] GC(117) Concurrent Cycle 22316.766ms
[2020-03-02T05:34:28.596+0200][2474.333s][info ][gc] GC(118) Pause Young (Concurrent Start) (G1 Humongous Allocation) 4421M->4407M(8192M) 488.742ms
[2020-03-02T05:34:28.596+0200][2474.333s][info ][gc] GC(119) Concurrent Cycle
[2020-03-02T05:34:44.694+0200][2490.429s][debug][gc] GC(119) Reclaimed 4 empty regions
[2020-03-02T05:34:44.694+0200][2490.429s][info ][gc] GC(119) Pause Remark 4425M->4409M(8192M) 1.144ms
[2020-03-02T05:34:50.803+0200][2496.539s][info ][gc] GC(119) Pause Cleanup 4417M->4417M(8192M) 0.268ms
[2020-03-02T05:34:50.843+0200][2496.579s][info ][gc] GC(119) Concurrent Cycle 22246.001ms
[2020-03-02T05:34:52.520+0200][2498.256s][info ][gc] GC(120) Pause Young (Concurrent Start) (G1 Humongous Allocation) 4417M->4407M(8192M) 484.446ms
[2020-03-02T05:34:52.520+0200][2498.256s][info ][gc] GC(121) Concurrent Cycle
[2020-03-02T05:35:07.835+0200][2513.570s][debug][gc] GC(121) Reclaimed 4 empty regions
[2020-03-02T05:35:07.835+0200][2513.570s][info ][gc] GC(121) Pause Remark 4423M->4407M(8192M) 1.124ms
[2020-03-02T05:35:13.970+0200][2519.704s][info ][gc] GC(121) Pause Cleanup 4415M->4415M(8192M) 0.268ms
[2020-03-02T05:35:14.009+0200][2519.745s][info ][gc] GC(121) Concurrent Cycle 21489.155ms
[2020-03-02T05:35:15.700+0200][2521.435s][info ][gc] GC(122) Pause Young (Concurrent Start) (G1 Humongous Allocation) 4415M->4407M(8192M) 487.429ms
[2020-03-02T05:35:15.700+0200][2521.435s][info ][gc] GC(123) Concurrent Cycle
[2020-03-02T05:35:30.983+0200][2536.717s][debug][gc] GC(123) Reclaimed 4 empty regions
[2020-03-02T05:35:30.983+0200][2536.717s][info ][gc] GC(123) Pause Remark 4421M->4405M(8192M) 1.222ms
[2020-03-02T05:35:37.188+0200][2542.922s][info ][gc] GC(123) Pause Cleanup 4415M->4415M(8192M) 0.227ms
[2020-03-02T05:35:37.220+0200][2542.953s][info ][gc] GC(123) Concurrent Cycle 21518.848ms
[2020-03-02T05:35:39.076+0200][2544.811s][info ][gc] GC(124) Pause Young (Concurrent Start) (G1 Humongous Allocation) 4415M->4407M(8192M) 485.752ms
[2020-03-02T05:35:39.077+0200][2544.811s][info ][gc] GC(125) Concurrent Cycle
[2020-03-02T05:35:54.396+0200][2560.129s][debug][gc] GC(125) Reclaimed 4 empty regions
[2020-03-02T05:35:54.396+0200][2560.129s][info ][gc] GC(125) Pause Remark 4421M->4405M(8192M) 1.231ms
[2020-03-02T05:36:00.583+0200][2566.316s][info ][gc] GC(125) Pause Cleanup 4415M->4415M(8192M) 0.253ms
[2020-03-02T05:36:00.624+0200][2566.358s][info ][gc] GC(125) Concurrent Cycle 21546.802ms
[2020-03-02T05:36:02.337+0200][2568.070s][info ][gc] GC(126) Pause Young (Concurrent Start) (G1 Humongous Allocation) 4415M->4407M(8192M) 486.847ms
[2020-03-02T05:36:02.337+0200][2568.070s][info ][gc] GC(127) Concurrent Cycle
[2020-03-02T05:36:25.941+0200][2591.674s][debug][gc] GC(127) Reclaimed 4 empty regions
[2020-03-02T05:36:25.942+0200][2591.674s][info ][gc] GC(127) Pause Remark 4427M->4411M(8192M) 0.955ms
[2020-03-02T05:36:32.303+0200][2598.035s][info ][gc] GC(127) Pause Cleanup 4421M->4421M(8192M) 0.217ms
[2020-03-02T05:36:32.344+0200][2598.076s][info ][gc] GC(127) Concurrent Cycle 30005.816ms
[2020-03-02T05:36:33.990+0200][2599.722s][info ][gc] GC(128) Pause Young (Concurrent Start) (G1 Humongous Allocation) 4421M->4411M(8192M) 502.662ms
[2020-03-02T05:36:33.990+0200][2599.723s][info ][gc] GC(129) Concurrent Cycle
[2020-03-02T05:36:49.472+0200][2615.203s][debug][gc] GC(129) Reclaimed 5 empty regions
[2020-03-02T05:36:49.472+0200][2615.203s][info ][gc] GC(129) Pause Remark 4427M->4407M(8192M) 1.236ms
[2020-03-02T05:36:55.885+0200][2621.617s][info ][gc] GC(129) Pause Cleanup 4417M->4417M(8192M) 0.245ms
[2020-03-02T05:36:55.917+0200][2621.648s][info ][gc] GC(129) Concurrent Cycle 21925.773ms
[2020-03-02T05:36:57.677+0200][2623.409s][info ][gc] GC(130) Pause Young (Concurrent Start) (G1 Humongous Allocation) 4417M->4407M(8192M) 494.094ms
[2020-03-02T05:36:57.677+0200][2623.409s][info ][gc] GC(131) Concurrent Cycle
[2020-03-02T05:37:21.826+0200][2647.557s][debug][gc] GC(131) Reclaimed 4 empty regions
[2020-03-02T05:37:21.826+0200][2647.557s][info ][gc] GC(131) Pause Remark 4427M->4411M(8192M) 1.257ms
[2020-03-02T05:37:28.890+0200][2654.620s][info ][gc] GC(131) Pause Cleanup 4421M->4421M(8192M) 0.220ms
[2020-03-02T05:37:28.931+0200][2654.661s][info ][gc] GC(131) Concurrent Cycle 31252.137ms
[2020-03-02T05:37:30.128+0200][2655.859s][info ][gc] GC(132) Pause Young (Concurrent Start) (G1 Humongous Allocation) 4423M->4411M(8192M) 503.820ms
[2020-03-02T05:37:30.129+0200][2655.859s][info ][gc] GC(133) Concurrent Cycle
[2020-03-02T05:37:45.693+0200][2671.423s][debug][gc] GC(133) Reclaimed 5 empty regions
[2020-03-02T05:37:45.693+0200][2671.423s][info ][gc] GC(133) Pause Remark 4427M->4407M(8192M) 1.071ms
[2020-03-02T05:37:51.771+0200][2677.501s][info ][gc] GC(133) Pause Cleanup 4415M->4415M(8192M) 0.257ms
[2020-03-02T05:37:51.811+0200][2677.542s][info ][gc] GC(133) Concurrent Cycle 21682.781ms
[2020-03-02T05:37:53.529+0200][2679.258s][info ][gc] GC(134) Pause Young (Concurrent Start) (G1 Humongous Allocation) 4415M->4407M(8192M) 489.106ms
[2020-03-02T05:37:53.529+0200][2679.258s][info ][gc] GC(135) Concurrent Cycle
[2020-03-02T05:38:08.957+0200][2694.686s][debug][gc] GC(135) Reclaimed 4 empty regions
[2020-03-02T05:38:08.957+0200][2694.686s][info ][gc] GC(135) Pause Remark 4423M->4407M(8192M) 1.206ms
[2020-03-02T05:38:15.097+0200][2700.826s][info ][gc] GC(135) Pause Cleanup 4415M->4415M(8192M) 0.258ms
[2020-03-02T05:38:15.137+0200][2700.867s][info ][gc] GC(135) Concurrent Cycle 21608.485ms
[2020-03-02T05:38:16.798+0200][2702.527s][info ][gc] GC(136) Pause Young (Concurrent Start) (G1 Humongous Allocation) 4415M->4407M(8192M) 485.017ms
[2020-03-02T05:38:16.798+0200][2702.527s][info ][gc] GC(137) Concurrent Cycle
[2020-03-02T05:38:32.316+0200][2718.044s][debug][gc] GC(137) Reclaimed 4 empty regions
[2020-03-02T05:38:32.316+0200][2718.044s][info ][gc] GC(137) Pause Remark 4423M->4407M(8192M) 1.155ms
[2020-03-02T05:38:38.252+0200][2723.980s][info ][gc] GC(137) Pause Cleanup 4411M->4411M(8192M) 0.240ms
[2020-03-02T05:38:38.261+0200][2723.989s][info ][gc] GC(137) Concurrent Cycle 21461.691ms
[2020-03-02T05:38:38.820+0200][2724.548s][info ][gc] GC(138) Pause Young (Concurrent Start) (G1 Humongous Allocation) 4411M->4403M(8192M) 468.149ms
[2020-03-02T05:38:38.820+0200][2724.548s][info ][gc] GC(139) Concurrent Cycle
[2020-03-02T05:39:02.297+0200][2748.024s][debug][gc] GC(139) Reclaimed 3 empty regions
[2020-03-02T05:39:02.297+0200][2748.024s][info ][gc] GC(139) Pause Remark 4425M->4413M(8192M) 1.310ms
[2020-03-02T05:39:08.444+0200][2754.171s][info ][gc] GC(139) Pause Cleanup 4421M->4421M(8192M) 0.234ms
[2020-03-02T05:39:08.476+0200][2754.203s][info ][gc] GC(139) Concurrent Cycle 29654.665ms
[2020-03-02T05:39:10.211+0200][2755.939s][info ][gc] GC(140) Pause Young (Concurrent Start) (G1 Humongous Allocation) 4421M->4411M(8192M) 491.837ms
[2020-03-02T05:39:10.212+0200][2755.939s][info ][gc] GC(141) Concurrent Cycle
[2020-03-02T05:39:25.972+0200][2771.699s][debug][gc] GC(141) Reclaimed 5 empty regions
[2020-03-02T05:39:25.972+0200][2771.699s][info ][gc] GC(141) Pause Remark 4427M->4407M(8192M) 1.226ms
[2020-03-02T05:39:33.086+0200][2778.812s][info ][gc] GC(141) Pause Cleanup 4417M->4417M(8192M) 0.224ms
[2020-03-02T05:39:33.127+0200][2778.853s][info ][gc] GC(141) Concurrent Cycle 22913.780ms
[2020-03-02T05:39:34.318+0200][2780.044s][info ][gc] GC(142) Pause Young (Concurrent Start) (G1 Humongous Allocation) 4417M->4407M(8192M) 489.060ms
[2020-03-02T05:39:34.318+0200][2780.044s][info ][gc] GC(143) Concurrent Cycle
[2020-03-02T05:39:50.523+0200][2796.249s][debug][gc] GC(143) Reclaimed 4 empty regions
[2020-03-02T05:39:50.523+0200][2796.249s][info ][gc] GC(143) Pause Remark 4423M->4407M(8192M) 1.193ms
[2020-03-02T05:39:57.151+0200][2802.877s][info ][gc] GC(143) Pause Cleanup 4415M->4415M(8192M) 0.237ms
[2020-03-02T05:39:57.183+0200][2802.909s][info ][gc] GC(143) Concurrent Cycle 22864.383ms
[2020-03-02T05:39:58.960+0200][2804.686s][info ][gc] GC(144) Pause Young (Concurrent Start) (G1 Humongous Allocation) 4415M->4407M(8192M) 495.182ms
[2020-03-02T05:39:58.960+0200][2804.686s][info ][gc] GC(145) Concurrent Cycle
[2020-03-02T05:40:15.588+0200][2821.313s][debug][gc] GC(145) Reclaimed 4 empty regions
[2020-03-02T05:40:15.588+0200][2821.313s][info ][gc] GC(145) Pause Remark 4423M->4407M(8192M) 1.064ms
[2020-03-02T05:40:21.981+0200][2827.706s][info ][gc] GC(145) Pause Cleanup 4415M->4415M(8192M) 0.238ms
[2020-03-02T05:40:22.013+0200][2827.738s][info ][gc] GC(145) Concurrent Cycle 23051.834ms
[2020-03-02T05:40:23.807+0200][2829.532s][info ][gc] GC(146) Pause Young (Concurrent Start) (G1 Humongous Allocation) 4415M->4407M(8192M) 509.632ms
[2020-03-02T05:40:23.807+0200][2829.532s][info ][gc] GC(147) Concurrent Cycle
[2020-03-02T05:40:40.874+0200][2846.598s][debug][gc] GC(147) Reclaimed 4 empty regions
[2020-03-02T05:40:40.874+0200][2846.598s][info ][gc] GC(147) Pause Remark 4423M->4407M(8192M) 1.151ms
[2020-03-02T05:40:47.377+0200][2853.101s][info ][gc] GC(147) Pause Cleanup 4415M->4415M(8192M) 0.208ms
[2020-03-02T05:40:47.409+0200][2853.133s][info ][gc] GC(147) Concurrent Cycle 23601.171ms
[2020-03-02T05:40:49.300+0200][2855.024s][info ][gc] GC(148) Pause Young (Concurrent Start) (G1 Humongous Allocation) 4415M->4407M(8192M) 577.941ms
[2020-03-02T05:40:49.300+0200][2855.024s][info ][gc] GC(149) Concurrent Cycle
[2020-03-02T05:41:05.529+0200][2871.253s][debug][gc] GC(149) Reclaimed 4 empty regions
[2020-03-02T05:41:05.529+0200][2871.253s][info ][gc] GC(149) Pause Remark 4423M->4407M(8192M) 1.177ms
[2020-03-02T05:41:11.843+0200][2877.566s][info ][gc] GC(149) Pause Cleanup 4417M->4417M(8192M) 0.261ms
[2020-03-02T05:41:11.859+0200][2877.582s][info ][gc] GC(149) Concurrent Cycle 22557.873ms
[2020-03-02T05:41:13.703+0200][2879.426s][info ][gc] GC(150) Pause Young (Concurrent Start) (G1 Humongous Allocation) 4417M->4407M(8192M) 535.422ms
[2020-03-02T05:41:13.703+0200][2879.427s][info ][gc] GC(151) Concurrent Cycle
[2020-03-02T05:41:30.444+0200][2896.167s][debug][gc] GC(151) Reclaimed 4 empty regions
[2020-03-02T05:41:30.444+0200][2896.167s][info ][gc] GC(151) Pause Remark 4421M->4405M(8192M) 1.231ms
[2020-03-02T05:41:37.618+0200][2903.340s][info ][gc] GC(151) Pause Cleanup 4417M->4417M(8192M) 0.223ms
[2020-03-02T05:41:37.659+0200][2903.381s][info ][gc] GC(151) Concurrent Cycle 23954.410ms
[2020-03-02T05:41:39.153+0200][2904.876s][info ][gc] GC(152) Pause Young (Concurrent Start) (G1 Humongous Allocation) 4417M->4407M(8192M) 483.108ms
[2020-03-02T05:41:39.154+0200][2904.876s][info ][gc] GC(153) Concurrent Cycle
[2020-03-02T05:41:56.693+0200][2922.415s][debug][gc] GC(153) Reclaimed 4 empty regions
[2020-03-02T05:41:56.693+0200][2922.415s][info ][gc] GC(153) Pause Remark 4423M->4407M(8192M) 1.074ms
[2020-03-02T05:42:03.103+0200][2928.825s][info ][gc] GC(153) Pause Cleanup 4415M->4415M(8192M) 0.270ms
[2020-03-02T05:42:03.135+0200][2928.857s][info ][gc] GC(153) Concurrent Cycle 23980.574ms
[2020-03-02T05:42:04.917+0200][2930.639s][info ][gc] GC(154) Pause Young (Concurrent Start) (G1 Humongous Allocation) 4415M->4407M(8192M) 489.865ms
[2020-03-02T05:42:04.917+0200][2930.639s][info ][gc] GC(155) Concurrent Cycle
[2020-03-02T05:42:29.441+0200][2955.162s][debug][gc] GC(155) Reclaimed 4 empty regions
[2020-03-02T05:42:29.441+0200][2955.162s][info ][gc] GC(155) Pause Remark 4427M->4411M(8192M) 1.239ms
[2020-03-02T05:42:35.919+0200][2961.640s][info ][gc] GC(155) Pause Cleanup 4421M->4421M(8192M) 0.228ms
[2020-03-02T05:42:35.951+0200][2961.672s][info ][gc] GC(155) Concurrent Cycle 31032.856ms
[2020-03-02T05:42:37.751+0200][2963.472s][info ][gc] GC(156) Pause Young (Concurrent Start) (G1 Humongous Allocation) 4421M->4411M(8192M) 507.854ms
[2020-03-02T05:42:37.751+0200][2963.472s][info ][gc] GC(157) Concurrent Cycle
[2020-03-02T05:42:55.368+0200][2981.088s][debug][gc] GC(157) Reclaimed 5 empty regions
[2020-03-02T05:42:55.368+0200][2981.088s][info ][gc] GC(157) Pause Remark 4425M->4405M(8192M) 1.190ms
[2020-03-02T05:43:01.794+0200][2987.514s][info ][gc] GC(157) Pause Cleanup 4415M->4415M(8192M) 0.265ms
[2020-03-02T05:43:01.826+0200][2987.546s][info ][gc] GC(157) Concurrent Cycle 24074.509ms
[2020-03-02T05:43:03.646+0200][2989.366s][info ][gc] GC(158) Pause Young (Concurrent Start) (G1 Humongous Allocation) 4415M->4407M(8192M) 512.714ms
[2020-03-02T05:43:03.646+0200][2989.366s][info ][gc] GC(159) Concurrent Cycle
[2020-03-02T05:43:20.566+0200][3006.286s][debug][gc] GC(159) Reclaimed 4 empty regions
[2020-03-02T05:43:20.566+0200][3006.286s][info ][gc] GC(159) Pause Remark 4423M->4407M(8192M) 1.370ms
[2020-03-02T05:43:27.115+0200][3012.834s][info ][gc] GC(159) Pause Cleanup 4417M->4417M(8192M) 0.315ms
[2020-03-02T05:43:27.148+0200][3012.867s][info ][gc] GC(159) Concurrent Cycle 23500.738ms
[2020-03-02T05:43:29.006+0200][3014.726s][info ][gc] GC(160) Pause Young (Concurrent Start) (G1 Humongous Allocation) 4417M->4407M(8192M) 542.585ms
[2020-03-02T05:43:29.006+0200][3014.726s][info ][gc] GC(161) Concurrent Cycle
[2020-03-02T05:43:46.492+0200][3032.210s][debug][gc] GC(161) Reclaimed 4 empty regions
[2020-03-02T05:43:46.492+0200][3032.210s][info ][gc] GC(161) Pause Remark 4425M->4409M(8192M) 1.161ms
[2020-03-02T05:43:53.132+0200][3038.850s][info ][gc] GC(161) Pause Cleanup 4417M->4417M(8192M) 0.230ms
[2020-03-02T05:43:53.164+0200][3038.882s][info ][gc] GC(161) Concurrent Cycle 24156.418ms
[2020-03-02T05:43:54.984+0200][3040.702s][info ][gc] GC(162) Pause Young (Concurrent Start) (G1 Humongous Allocation) 4417M->4407M(8192M) 500.030ms
[2020-03-02T05:43:54.984+0200][3040.702s][info ][gc] GC(163) Concurrent Cycle
[2020-03-02T05:44:12.174+0200][3057.891s][debug][gc] GC(163) Reclaimed 4 empty regions
[2020-03-02T05:44:12.174+0200][3057.891s][info ][gc] GC(163) Pause Remark 4423M->4407M(8192M) 1.070ms
[2020-03-02T05:44:18.580+0200][3064.298s][info ][gc] GC(163) Pause Cleanup 4415M->4415M(8192M) 0.219ms
[2020-03-02T05:44:18.612+0200][3064.329s][info ][gc] GC(163) Concurrent Cycle 23627.089ms
[2020-03-02T05:44:20.416+0200][3066.134s][info ][gc] GC(164) Pause Young (Concurrent Start) (G1 Humongous Allocation) 4415M->4407M(8192M) 491.641ms
[2020-03-02T05:44:20.416+0200][3066.134s][info ][gc] GC(165) Concurrent Cycle
[2020-03-02T05:44:37.021+0200][3082.738s][debug][gc] GC(165) Reclaimed 4 empty regions
[2020-03-02T05:44:37.021+0200][3082.738s][info ][gc] GC(165) Pause Remark 4423M->4407M(8192M) 1.152ms
[2020-03-02T05:44:44.886+0200][3090.603s][info ][gc] GC(165) Pause Cleanup 4418M->4418M(8192M) 0.238ms
[2020-03-02T05:44:44.929+0200][3090.645s][info ][gc] GC(165) Concurrent Cycle 24511.792ms
[2020-03-02T05:44:46.664+0200][3092.381s][info ][gc] GC(166) Pause Young (Concurrent Start) (G1 Humongous Allocation) 4418M->4408M(8192M) 531.527ms
[2020-03-02T05:44:46.664+0200][3092.381s][info ][gc] GC(167) Concurrent Cycle
[2020-03-02T05:45:14.871+0200][3120.586s][debug][gc] GC(167) Reclaimed 4 empty regions
[2020-03-02T05:45:14.871+0200][3120.586s][info ][gc] GC(167) Pause Remark 4427M->4411M(8192M) 1.027ms
[2020-03-02T05:45:21.784+0200][3127.500s][info ][gc] GC(167) Pause Cleanup 4422M->4422M(8192M) 0.254ms
[2020-03-02T05:45:21.816+0200][3127.531s][info ][gc] GC(167) Concurrent Cycle 35150.531ms
[2020-03-02T05:45:23.756+0200][3129.471s][info ][gc] GC(168) Pause Young (Concurrent Start) (G1 Humongous Allocation) 4422M->4412M(8192M) 615.829ms
[2020-03-02T05:45:23.756+0200][3129.471s][info ][gc] GC(169) Concurrent Cycle
[2020-03-02T05:45:50.526+0200][3156.241s][debug][gc] GC(169) Reclaimed 5 empty regions
[2020-03-02T05:45:50.526+0200][3156.241s][info ][gc] GC(169) Pause Remark 4431M->4411M(8192M) 1.021ms
[2020-03-02T05:45:56.681+0200][3162.396s][info ][gc] GC(169) Pause Cleanup 4422M->4422M(8192M) 0.233ms
[2020-03-02T05:45:56.722+0200][3162.437s][info ][gc] GC(169) Concurrent Cycle 32965.363ms
[2020-03-02T05:45:57.844+0200][3163.559s][info ][gc] GC(170) Pause Young (Concurrent Start) (G1 Humongous Allocation) 4422M->4412M(8192M) 501.889ms
[2020-03-02T05:45:57.844+0200][3163.559s][info ][gc] GC(171) Concurrent Cycle
[2020-03-02T05:46:14.222+0200][3179.936s][debug][gc] GC(171) Reclaimed 5 empty regions
[2020-03-02T05:46:14.222+0200][3179.936s][info ][gc] GC(171) Pause Remark 4428M->4408M(8192M) 1.551ms
[2020-03-02T05:46:21.075+0200][3186.789s][info ][gc] GC(171) Pause Cleanup 4416M->4416M(8192M) 0.259ms
[2020-03-02T05:46:21.118+0200][3186.832s][info ][gc] GC(171) Concurrent Cycle 23273.536ms
[2020-03-02T05:46:22.894+0200][3188.608s][info ][gc] GC(172) Pause Young (Concurrent Start) (G1 Humongous Allocation) 4416M->4408M(8192M) 509.624ms
[2020-03-02T05:46:22.894+0200][3188.608s][info ][gc] GC(173) Concurrent Cycle
[2020-03-02T05:46:39.584+0200][3205.297s][debug][gc] GC(173) Reclaimed 4 empty regions
[2020-03-02T05:46:39.584+0200][3205.297s][info ][gc] GC(173) Pause Remark 4424M->4408M(8192M) 1.150ms
[2020-03-02T05:46:46.205+0200][3211.918s][info ][gc] GC(173) Pause Cleanup 4416M->4416M(8192M) 0.300ms
[2020-03-02T05:46:46.237+0200][3211.950s][info ][gc] GC(173) Concurrent Cycle 23341.642ms
[2020-03-02T05:46:48.078+0200][3213.791s][info ][gc] GC(174) Pause Young (Concurrent Start) (G1 Humongous Allocation) 4416M->4408M(8192M) 501.518ms
[2020-03-02T05:46:48.078+0200][3213.792s][info ][gc] GC(175) Concurrent Cycle
[2020-03-02T05:47:05.143+0200][3230.855s][debug][gc] GC(175) Reclaimed 4 empty regions
[2020-03-02T05:47:05.143+0200][3230.855s][info ][gc] GC(175) Pause Remark 4424M->4408M(8192M) 1.274ms
[2020-03-02T05:47:11.686+0200][3237.398s][info ][gc] GC(175) Pause Cleanup 4416M->4416M(8192M) 0.257ms
[2020-03-02T05:47:11.718+0200][3237.430s][info ][gc] GC(175) Concurrent Cycle 23638.682ms
[2020-03-02T05:47:13.626+0200][3239.338s][info ][gc] GC(176) Pause Young (Concurrent Start) (G1 Humongous Allocation) 4416M->4408M(8192M) 569.335ms
[2020-03-02T05:47:13.626+0200][3239.338s][info ][gc] GC(177) Concurrent Cycle
[2020-03-02T05:47:30.587+0200][3256.299s][debug][gc] GC(177) Reclaimed 4 empty regions
[2020-03-02T05:47:30.587+0200][3256.299s][info ][gc] GC(177) Pause Remark 4424M->4408M(8192M) 1.660ms
[2020-03-02T05:47:37.408+0200][3263.120s][info ][gc] GC(177) Pause Cleanup 4416M->4416M(8192M) 0.225ms
[2020-03-02T05:47:37.441+0200][3263.153s][info ][gc] GC(177) Concurrent Cycle 23814.471ms
[2020-03-02T05:47:39.248+0200][3264.960s][info ][gc] GC(178) Pause Young (Concurrent Start) (G1 Humongous Allocation) 4416M->4408M(8192M) 511.403ms
[2020-03-02T05:47:39.248+0200][3264.960s][info ][gc] GC(179) Concurrent Cycle
[2020-03-02T05:47:51.606+0200][3277.318s][debug][gc] GC(179) Reclaimed 4 empty regions
[2020-03-02T05:47:51.606+0200][3277.318s][info ][gc] GC(179) Pause Remark 4420M->4404M(8192M) 1.075ms
[2020-03-02T05:47:57.507+0200][3283.218s][info ][gc] GC(179) Pause Cleanup 4414M->4414M(8192M) 0.287ms
[2020-03-02T05:47:57.554+0200][3283.265s][info ][gc] GC(179) Concurrent Cycle 18305.106ms
[2020-03-02T05:47:58.608+0200][3284.319s][info ][gc] GC(180) Pause Young (Concurrent Start) (G1 Humongous Allocation) 4414M->4404M(8192M) 492.077ms
[2020-03-02T05:47:58.608+0200][3284.319s][info ][gc] GC(181) Concurrent Cycle
[2020-03-02T05:48:15.950+0200][3301.660s][debug][gc] GC(181) Reclaimed 3 empty regions
[2020-03-02T05:48:15.950+0200][3301.660s][info ][gc] GC(181) Pause Remark 4420M->4408M(8192M) 1.037ms
[2020-03-02T05:48:22.964+0200][3308.675s][info ][gc] GC(181) Pause Cleanup 4416M->4416M(8192M) 0.250ms
[2020-03-02T05:48:22.996+0200][3308.706s][info ][gc] GC(181) Concurrent Cycle 24387.345ms
[2020-03-02T05:48:24.846+0200][3310.557s][info ][gc] GC(182) Pause Young (Concurrent Start) (G1 Humongous Allocation) 4416M->4408M(8192M) 491.222ms
[2020-03-02T05:48:24.846+0200][3310.557s][info ][gc] GC(183) Concurrent Cycle
[2020-03-02T05:48:42.225+0200][3327.935s][debug][gc] GC(183) Reclaimed 4 empty regions
[2020-03-02T05:48:42.225+0200][3327.935s][info ][gc] GC(183) Pause Remark 4424M->4408M(8192M) 1.263ms
[2020-03-02T05:48:49.629+0200][3335.339s][info ][gc] GC(183) Pause Cleanup 4420M->4420M(8192M) 0.357ms
[2020-03-02T05:48:49.675+0200][3335.385s][info ][gc] GC(183) Concurrent Cycle 24828.371ms
[2020-03-02T05:48:51.059+0200][3336.768s][info ][gc] GC(184) Pause Young (Concurrent Start) (G1 Humongous Allocation) 4420M->4408M(8192M) 487.196ms
[2020-03-02T05:48:51.059+0200][3336.768s][info ][gc] GC(185) Concurrent Cycle
[2020-03-02T05:49:08.401+0200][3354.110s][debug][gc] GC(185) Reclaimed 4 empty regions
[2020-03-02T05:49:08.401+0200][3354.110s][info ][gc] GC(185) Pause Remark 4424M->4408M(8192M) 1.044ms
[2020-03-02T05:49:15.149+0200][3360.858s][info ][gc] GC(185) Pause Cleanup 4416M->4416M(8192M) 0.301ms
[2020-03-02T05:49:15.181+0200][3360.890s][info ][gc] GC(185) Concurrent Cycle 24121.534ms
[2020-03-02T05:49:17.028+0200][3362.737s][info ][gc] GC(186) Pause Young (Concurrent Start) (G1 Humongous Allocation) 4416M->4408M(8192M) 487.588ms
[2020-03-02T05:49:17.028+0200][3362.738s][info ][gc] GC(187) Concurrent Cycle
[2020-03-02T05:49:34.140+0200][3379.848s][debug][gc] GC(187) Reclaimed 4 empty regions
[2020-03-02T05:49:34.140+0200][3379.848s][info ][gc] GC(187) Pause Remark 4424M->4408M(8192M) 1.146ms
[2020-03-02T05:49:40.836+0200][3386.544s][info ][gc] GC(187) Pause Cleanup 4416M->4416M(8192M) 0.257ms
[2020-03-02T05:49:40.868+0200][3386.576s][info ][gc] GC(187) Concurrent Cycle 23838.271ms
[2020-03-02T05:49:42.760+0200][3388.468s][info ][gc] GC(188) Pause Young (Concurrent Start) (G1 Humongous Allocation) 4416M->4408M(8192M) 531.073ms
[2020-03-02T05:49:42.760+0200][3388.468s][info ][gc] GC(189) Concurrent Cycle
[2020-03-02T05:49:54.902+0200][3400.610s][debug][gc] GC(189) Reclaimed 4 empty regions
[2020-03-02T05:49:54.902+0200][3400.610s][info ][gc] GC(189) Pause Remark 4420M->4404M(8192M) 1.357ms
[2020-03-02T05:50:00.905+0200][3406.612s][info ][gc] GC(189) Pause Cleanup 4412M->4412M(8192M) 0.240ms
[2020-03-02T05:50:00.945+0200][3406.653s][info ][gc] GC(189) Concurrent Cycle 18184.292ms
[2020-03-02T05:50:01.903+0200][3407.611s][info ][gc] GC(190) Pause Young (Concurrent Start) (G1 Humongous Allocation) 4412M->4404M(8192M) 476.679ms
[2020-03-02T05:50:01.903+0200][3407.611s][info ][gc] GC(191) Concurrent Cycle
[2020-03-02T05:50:28.039+0200][3433.746s][debug][gc] GC(191) Reclaimed 3 empty regions
[2020-03-02T05:50:28.039+0200][3433.746s][info ][gc] GC(191) Pause Remark 4426M->4414M(8192M) 1.185ms
[2020-03-02T05:50:34.898+0200][3440.604s][info ][gc] GC(191) Pause Cleanup 4424M->4424M(8192M) 0.269ms
[2020-03-02T05:50:34.930+0200][3440.636s][info ][gc] GC(191) Concurrent Cycle 33024.698ms
[2020-03-02T05:50:36.780+0200][3442.486s][info ][gc] GC(192) Pause Young (Concurrent Start) (G1 Humongous Allocation) 4424M->4412M(8192M) 489.406ms
[2020-03-02T05:50:36.780+0200][3442.486s][info ][gc] GC(193) Concurrent Cycle
[2020-03-02T05:50:53.852+0200][3459.558s][debug][gc] GC(193) Reclaimed 5 empty regions
[2020-03-02T05:50:53.852+0200][3459.558s][info ][gc] GC(193) Pause Remark 4428M->4408M(8192M) 1.187ms
[2020-03-02T05:51:00.664+0200][3466.370s][info ][gc] GC(193) Pause Cleanup 4416M->4416M(8192M) 0.267ms
[2020-03-02T05:51:00.697+0200][3466.403s][info ][gc] GC(193) Concurrent Cycle 23916.504ms
[2020-03-02T05:51:02.580+0200][3468.285s][info ][gc] GC(194) Pause Young (Concurrent Start) (G1 Humongous Allocation) 4416M->4408M(8192M) 489.800ms
[2020-03-02T05:51:02.580+0200][3468.285s][info ][gc] GC(195) Concurrent Cycle
[2020-03-02T05:51:19.686+0200][3485.391s][debug][gc] GC(195) Reclaimed 4 empty regions
[2020-03-02T05:51:19.686+0200][3485.391s][info ][gc] GC(195) Pause Remark 4424M->4408M(8192M) 1.190ms
[2020-03-02T05:51:26.541+0200][3492.246s][info ][gc] GC(195) Pause Cleanup 4416M->4416M(8192M) 0.284ms
[2020-03-02T05:51:26.574+0200][3492.278s][info ][gc] GC(195) Concurrent Cycle 23993.040ms
[2020-03-02T05:51:28.452+0200][3494.157s][info ][gc] GC(196) Pause Young (Concurrent Start) (G1 Humongous Allocation) 4416M->4408M(8192M) 515.026ms
[2020-03-02T05:51:28.452+0200][3494.157s][info ][gc] GC(197) Concurrent Cycle
[2020-03-02T05:51:46.140+0200][3511.845s][debug][gc] GC(197) Reclaimed 4 empty regions
[2020-03-02T05:51:46.140+0200][3511.845s][info ][gc] GC(197) Pause Remark 4424M->4408M(8192M) 1.122ms
[2020-03-02T05:51:53.376+0200][3519.080s][info ][gc] GC(197) Pause Cleanup 4416M->4416M(8192M) 0.253ms
[2020-03-02T05:51:53.408+0200][3519.112s][info ][gc] GC(197) Concurrent Cycle 24955.307ms
[2020-03-02T05:51:55.304+0200][3521.009s][info ][gc] GC(198) Pause Young (Concurrent Start) (G1 Humongous Allocation) 4416M->4408M(8192M) 520.663ms
[2020-03-02T05:51:55.304+0200][3521.009s][info ][gc] GC(199) Concurrent Cycle
[2020-03-02T05:52:13.114+0200][3538.817s][debug][gc] GC(199) Reclaimed 4 empty regions
[2020-03-02T05:52:13.114+0200][3538.817s][info ][gc] GC(199) Pause Remark 4424M->4408M(8192M) 1.202ms
[2020-03-02T05:52:19.924+0200][3545.627s][info ][gc] GC(199) Pause Cleanup 4416M->4416M(8192M) 0.252ms
[2020-03-02T05:52:19.956+0200][3545.659s][info ][gc] GC(199) Concurrent Cycle 24650.282ms
[2020-03-02T05:52:21.788+0200][3547.492s][info ][gc] GC(200) Pause Young (Concurrent Start) (G1 Humongous Allocation) 4416M->4408M(8192M) 467.288ms
[2020-03-02T05:52:21.788+0200][3547.492s][info ][gc] GC(201) Concurrent Cycle
[2020-03-02T05:52:48.422+0200][3574.124s][debug][gc] GC(201) Reclaimed 4 empty regions
[2020-03-02T05:52:48.422+0200][3574.124s][info ][gc] GC(201) Pause Remark 4428M->4412M(8192M) 1.119ms
[2020-03-02T05:52:55.802+0200][3581.505s][info ][gc] GC(201) Pause Cleanup 4424M->4424M(8192M) 0.254ms
[2020-03-02T05:52:55.843+0200][3581.546s][info ][gc] GC(201) Concurrent Cycle 34053.971ms
[2020-03-02T05:52:57.380+0200][3583.082s][info ][gc] GC(202) Pause Young (Concurrent Start) (G1 Humongous Allocation) 4424M->4412M(8192M) 492.752ms
[2020-03-02T05:52:57.380+0200][3583.082s][info ][gc] GC(203) Concurrent Cycle
[2020-03-02T05:53:14.939+0200][3600.640s][debug][gc] GC(203) Reclaimed 5 empty regions
[2020-03-02T05:53:14.939+0200][3600.640s][info ][gc] GC(203) Pause Remark 4428M->4408M(8192M) 1.113ms
[2020-03-02T05:53:21.705+0200][3607.406s][info ][gc] GC(203) Pause Cleanup 4416M->4416M(8192M) 0.275ms
[2020-03-02T05:53:21.737+0200][3607.438s][info ][gc] GC(203) Concurrent Cycle 24355.696ms
[2020-03-02T05:53:23.613+0200][3609.315s][info ][gc] GC(204) Pause Young (Concurrent Start) (G1 Humongous Allocation) 4416M->4408M(8192M) 488.151ms
[2020-03-02T05:53:23.613+0200][3609.315s][info ][gc] GC(205) Concurrent Cycle
[2020-03-02T05:53:41.313+0200][3627.014s][debug][gc] GC(205) Reclaimed 4 empty regions
[2020-03-02T05:53:41.313+0200][3627.014s][info ][gc] GC(205) Pause Remark 4424M->4408M(8192M) 1.183ms
[2020-03-02T05:53:48.157+0200][3633.858s][info ][gc] GC(205) Pause Cleanup 4416M->4416M(8192M) 0.390ms
[2020-03-02T05:53:48.189+0200][3633.889s][info ][gc] GC(205) Concurrent Cycle 24573.940ms
[2020-03-02T05:53:50.115+0200][3635.817s][info ][gc] GC(206) Pause Young (Concurrent Start) (G1 Humongous Allocation) 4416M->4408M(8192M) 532.665ms
[2020-03-02T05:53:50.115+0200][3635.817s][info ][gc] GC(207) Concurrent Cycle
[2020-03-02T05:54:08.081+0200][3653.781s][debug][gc] GC(207) Reclaimed 4 empty regions
[2020-03-02T05:54:08.081+0200][3653.781s][info ][gc] GC(207) Pause Remark 4424M->4408M(8192M) 1.210ms
[2020-03-02T05:54:14.888+0200][3660.588s][info ][gc] GC(207) Pause Cleanup 4416M->4416M(8192M) 0.267ms
[2020-03-02T05:54:14.920+0200][3660.619s][info ][gc] GC(207) Concurrent Cycle 24802.674ms
[2020-03-02T05:54:16.781+0200][3662.481s][info ][gc] GC(208) Pause Young (Concurrent Start) (G1 Humongous Allocation) 4416M->4408M(8192M) 469.963ms
[2020-03-02T05:54:16.781+0200][3662.481s][info ][gc] GC(209) Concurrent Cycle
[2020-03-02T05:54:34.171+0200][3679.870s][debug][gc] GC(209) Reclaimed 4 empty regions
[2020-03-02T05:54:34.171+0200][3679.870s][info ][gc] GC(209) Pause Remark 4426M->4410M(8192M) 1.272ms
[2020-03-02T05:54:41.105+0200][3686.804s][info ][gc] GC(209) Pause Cleanup 4418M->4418M(8192M) 0.303ms
[2020-03-02T05:54:41.137+0200][3686.835s][info ][gc] GC(209) Concurrent Cycle 24354.498ms
[2020-03-02T05:54:43.045+0200][3688.744s][info ][gc] GC(210) Pause Young (Concurrent Start) (G1 Humongous Allocation) 4418M->4408M(8192M) 495.788ms
[2020-03-02T05:54:43.046+0200][3688.745s][info ][gc] GC(211) Concurrent Cycle
[2020-03-02T05:55:01.268+0200][3706.966s][debug][gc] GC(211) Reclaimed 4 empty regions
[2020-03-02T05:55:01.268+0200][3706.966s][info ][gc] GC(211) Pause Remark 4424M->4408M(8192M) 1.096ms
[2020-03-02T05:55:08.202+0200][3713.901s][info ][gc] GC(211) Pause Cleanup 4416M->4416M(8192M) 0.228ms
[2020-03-02T05:55:08.234+0200][3713.932s][info ][gc] GC(211) Concurrent Cycle 25187.703ms
[2020-03-02T05:55:10.155+0200][3715.854s][info ][gc] GC(212) Pause Young (Concurrent Start) (G1 Humongous Allocation) 4416M->4408M(8192M) 516.536ms
[2020-03-02T05:55:10.155+0200][3715.854s][info ][gc] GC(213) Concurrent Cycle
[2020-03-02T05:55:37.711+0200][3743.408s][debug][gc] GC(213) Reclaimed 4 empty regions
[2020-03-02T05:55:37.711+0200][3743.408s][info ][gc] GC(213) Pause Remark 4428M->4412M(8192M) 1.061ms
[2020-03-02T05:55:44.873+0200][3750.571s][info ][gc] GC(213) Pause Cleanup 4422M->4422M(8192M) 0.219ms
[2020-03-02T05:55:44.905+0200][3750.602s][info ][gc] GC(213) Concurrent Cycle 34748.436ms
[2020-03-02T05:55:46.863+0200][3752.561s][info ][gc] GC(214) Pause Young (Concurrent Start) (G1 Humongous Allocation) 4422M->4412M(8192M) 546.306ms
[2020-03-02T05:55:46.863+0200][3752.561s][info ][gc] GC(215) Concurrent Cycle
[2020-03-02T05:56:05.520+0200][3771.218s][debug][gc] GC(215) Reclaimed 5 empty regions
[2020-03-02T05:56:05.521+0200][3771.218s][info ][gc] GC(215) Pause Remark 4430M->4410M(8192M) 0.961ms
[2020-03-02T05:56:12.548+0200][3778.244s][info ][gc] GC(215) Pause Cleanup 4418M->4418M(8192M) 0.268ms
[2020-03-02T05:56:12.580+0200][3778.276s][info ][gc] GC(215) Concurrent Cycle 25715.117ms
[2020-03-02T05:56:14.512+0200][3780.209s][info ][gc] GC(216) Pause Young (Concurrent Start) (G1 Humongous Allocation) 4418M->4408M(8192M) 508.648ms
[2020-03-02T05:56:14.513+0200][3780.209s][info ][gc] GC(217) Concurrent Cycle
[2020-03-02T05:56:34.246+0200][3799.942s][debug][gc] GC(217) Reclaimed 4 empty regions
[2020-03-02T05:56:34.246+0200][3799.942s][info ][gc] GC(217) Pause Remark 4424M->4408M(8192M) 1.156ms
[2020-03-02T05:56:40.699+0200][3806.396s][info ][gc] GC(217) Pause Cleanup 4412M->4412M(8192M) 0.223ms
[2020-03-02T05:56:40.708+0200][3806.404s][info ][gc] GC(217) Concurrent Cycle 26195.451ms
[2020-03-02T05:56:41.230+0200][3806.926s][info ][gc] GC(218) Pause Young (Concurrent Start) (G1 Humongous Allocation) 4412M->4404M(8192M) 489.095ms
[2020-03-02T05:56:41.230+0200][3806.926s][info ][gc] GC(219) Concurrent Cycle
[2020-03-02T05:56:59.652+0200][3825.347s][debug][gc] GC(219) Reclaimed 3 empty regions
[2020-03-02T05:56:59.652+0200][3825.347s][info ][gc] GC(219) Pause Remark 4420M->4408M(8192M) 1.163ms
[2020-03-02T05:57:07.197+0200][3832.892s][info ][gc] GC(219) Pause Cleanup 4418M->4418M(8192M) 0.254ms
[2020-03-02T05:57:07.237+0200][3832.933s][info ][gc] GC(219) Concurrent Cycle 26006.646ms
[2020-03-02T05:57:08.794+0200][3834.489s][info ][gc] GC(220) Pause Young (Concurrent Start) (G1 Humongous Allocation) 4418M->4408M(8192M) 482.802ms
[2020-03-02T05:57:08.794+0200][3834.489s][info ][gc] GC(221) Concurrent Cycle
[2020-03-02T05:57:26.425+0200][3852.119s][debug][gc] GC(221) Reclaimed 4 empty regions
[2020-03-02T05:57:26.425+0200][3852.119s][info ][gc] GC(221) Pause Remark 4424M->4408M(8192M) 1.144ms
[2020-03-02T05:57:33.396+0200][3859.090s][info ][gc] GC(221) Pause Cleanup 4416M->4416M(8192M) 0.241ms
[2020-03-02T05:57:33.428+0200][3859.122s][info ][gc] GC(221) Concurrent Cycle 24633.047ms
[2020-03-02T05:57:35.348+0200][3861.043s][info ][gc] GC(222) Pause Young (Concurrent Start) (G1 Humongous Allocation) 4416M->4408M(8192M) 492.651ms
[2020-03-02T05:57:35.348+0200][3861.043s][info ][gc] GC(223) Concurrent Cycle
[2020-03-02T05:57:53.699+0200][3879.393s][debug][gc] GC(223) Reclaimed 4 empty regions
[2020-03-02T05:57:53.699+0200][3879.393s][info ][gc] GC(223) Pause Remark 4424M->4408M(8192M) 1.195ms
[2020-03-02T05:58:00.759+0200][3886.453s][info ][gc] GC(223) Pause Cleanup 4416M->4416M(8192M) 0.248ms
[2020-03-02T05:58:00.791+0200][3886.484s][info ][gc] GC(223) Concurrent Cycle 25441.288ms
[2020-03-02T05:58:02.743+0200][3888.437s][info ][gc] GC(224) Pause Young (Concurrent Start) (G1 Humongous Allocation) 4416M->4408M(8192M) 507.427ms
[2020-03-02T05:58:02.743+0200][3888.437s][info ][gc] GC(225) Concurrent Cycle
[2020-03-02T05:58:21.379+0200][3907.072s][debug][gc] GC(225) Reclaimed 4 empty regions
[2020-03-02T05:58:21.379+0200][3907.072s][info ][gc] GC(225) Pause Remark 4424M->4408M(8192M) 1.278ms
[2020-03-02T05:58:28.667+0200][3914.359s][info ][gc] GC(225) Pause Cleanup 4416M->4416M(8192M) 0.282ms
[2020-03-02T05:58:28.699+0200][3914.392s][info ][gc] GC(225) Concurrent Cycle 25954.565ms
[2020-03-02T05:58:30.628+0200][3916.321s][info ][gc] GC(226) Pause Young (Concurrent Start) (G1 Humongous Allocation) 4416M->4408M(8192M) 489.866ms
[2020-03-02T05:58:30.628+0200][3916.321s][info ][gc] GC(227) Concurrent Cycle
[2020-03-02T05:58:49.999+0200][3935.691s][debug][gc] GC(227) Reclaimed 4 empty regions
[2020-03-02T05:58:49.999+0200][3935.692s][info ][gc] GC(227) Pause Remark 4426M->4410M(8192M) 1.286ms
[2020-03-02T05:58:57.370+0200][3943.062s][info ][gc] GC(227) Pause Cleanup 4420M->4420M(8192M) 0.251ms
[2020-03-02T05:58:57.413+0200][3943.105s][info ][gc] GC(227) Concurrent Cycle 26783.975ms
[2020-03-02T05:58:59.336+0200][3945.027s][info ][gc] GC(228) Pause Young (Concurrent Start) (G1 Humongous Allocation) 4420M->4408M(8192M) 539.906ms
[2020-03-02T05:58:59.336+0200][3945.028s][info ][gc] GC(229) Concurrent Cycle
[2020-03-02T05:59:17.573+0200][3963.264s][debug][gc] GC(229) Reclaimed 4 empty regions
[2020-03-02T05:59:17.573+0200][3963.264s][info ][gc] GC(229) Pause Remark 4424M->4408M(8192M) 1.123ms
[2020-03-02T05:59:24.905+0200][3970.596s][info ][gc] GC(229) Pause Cleanup 4416M->4416M(8192M) 0.248ms
[2020-03-02T05:59:24.937+0200][3970.628s][info ][gc] GC(229) Concurrent Cycle 25600.153ms
[2020-03-02T05:59:26.861+0200][3972.553s][info ][gc] GC(230) Pause Young (Concurrent Start) (G1 Humongous Allocation) 4416M->4408M(8192M) 482.798ms
[2020-03-02T05:59:26.862+0200][3972.553s][info ][gc] GC(231) Concurrent Cycle
[2020-03-02T05:59:44.988+0200][3990.679s][debug][gc] GC(231) Reclaimed 4 empty regions
[2020-03-02T05:59:44.988+0200][3990.679s][info ][gc] GC(231) Pause Remark 4424M->4408M(8192M) 1.083ms
[2020-03-02T05:59:51.966+0200][3997.656s][info ][gc] GC(231) Pause Cleanup 4416M->4416M(8192M) 0.259ms
[2020-03-02T05:59:51.998+0200][3997.688s][info ][gc] GC(231) Concurrent Cycle 25134.970ms
[2020-03-02T05:59:53.925+0200][3999.615s][info ][gc] GC(232) Pause Young (Concurrent Start) (G1 Humongous Allocation) 4416M->4408M(8192M) 489.057ms
[2020-03-02T05:59:53.925+0200][3999.615s][info ][gc] GC(233) Concurrent Cycle
[2020-03-02T06:00:13.116+0200][4018.806s][debug][gc] GC(233) Reclaimed 4 empty regions
[2020-03-02T06:00:13.116+0200][4018.806s][info ][gc] GC(233) Pause Remark 4426M->4410M(8192M) 1.377ms
[2020-03-02T06:00:20.230+0200][4025.919s][info ][gc] GC(233) Pause Cleanup 4418M->4418M(8192M) 0.292ms
[2020-03-02T06:00:20.262+0200][4025.951s][info ][gc] GC(233) Concurrent Cycle 26335.998ms
[2020-03-02T06:00:22.210+0200][4027.900s][info ][gc] GC(234) Pause Young (Concurrent Start) (G1 Humongous Allocation) 4418M->4408M(8192M) 486.167ms
[2020-03-02T06:00:22.210+0200][4027.900s][info ][gc] GC(235) Concurrent Cycle
[2020-03-02T06:00:41.424+0200][4047.113s][debug][gc] GC(235) Reclaimed 4 empty regions
[2020-03-02T06:00:41.424+0200][4047.113s][info ][gc] GC(235) Pause Remark 4424M->4408M(8192M) 1.205ms
[2020-03-02T06:00:48.606+0200][4054.295s][info ][gc] GC(235) Pause Cleanup 4416M->4416M(8192M) 0.288ms
[2020-03-02T06:00:48.652+0200][4054.341s][info ][gc] GC(235) Concurrent Cycle 26441.322ms
[2020-03-02T06:00:50.584+0200][4056.273s][info ][gc] GC(236) Pause Young (Concurrent Start) (G1 Humongous Allocation) 4416M->4408M(8192M) 481.008ms
[2020-03-02T06:00:50.584+0200][4056.273s][info ][gc] GC(237) Concurrent Cycle
[2020-03-02T06:01:08.947+0200][4074.636s][debug][gc] GC(237) Reclaimed 4 empty regions
[2020-03-02T06:01:08.947+0200][4074.636s][info ][gc] GC(237) Pause Remark 4424M->4408M(8192M) 1.273ms
[2020-03-02T06:01:16.564+0200][4082.252s][info ][gc] GC(237) Pause Cleanup 4418M->4418M(8192M) 0.219ms
[2020-03-02T06:01:16.606+0200][4082.293s][info ][gc] GC(237) Concurrent Cycle 26020.257ms
[2020-03-02T06:01:18.297+0200][4083.986s][info ][gc] GC(238) Pause Young (Concurrent Start) (G1 Humongous Allocation) 4418M->4408M(8192M) 482.758ms
[2020-03-02T06:01:18.298+0200][4083.986s][info ][gc] GC(239) Concurrent Cycle
[2020-03-02T06:01:36.658+0200][4102.345s][debug][gc] GC(239) Reclaimed 4 empty regions
[2020-03-02T06:01:36.658+0200][4102.345s][info ][gc] GC(239) Pause Remark 4426M->4410M(8192M) 1.195ms
[2020-03-02T06:01:43.804+0200][4109.492s][info ][gc] GC(239) Pause Cleanup 4420M->4420M(8192M) 0.233ms
[2020-03-02T06:01:43.837+0200][4109.524s][info ][gc] GC(239) Concurrent Cycle 25538.274ms
[2020-03-02T06:01:45.818+0200][4111.505s][info ][gc] GC(240) Pause Young (Concurrent Start) (G1 Humongous Allocation) 4420M->4408M(8192M) 484.108ms
[2020-03-02T06:01:45.818+0200][4111.505s][info ][gc] GC(241) Concurrent Cycle
[2020-03-02T06:02:05.775+0200][4131.462s][debug][gc] GC(241) Reclaimed 4 empty regions
[2020-03-02T06:02:05.775+0200][4131.462s][info ][gc] GC(241) Pause Remark 4424M->4408M(8192M) 1.213ms
[2020-03-02T06:02:12.819+0200][4138.506s][info ][gc] GC(241) Pause Cleanup 4416M->4416M(8192M) 0.264ms
[2020-03-02T06:02:12.851+0200][4138.538s][info ][gc] GC(241) Concurrent Cycle 27032.197ms
[2020-03-02T06:02:14.773+0200][4140.460s][info ][gc] GC(242) Pause Young (Concurrent Start) (G1 Humongous Allocation) 4416M->4408M(8192M) 479.309ms
[2020-03-02T06:02:14.773+0200][4140.460s][info ][gc] GC(243) Concurrent Cycle
[2020-03-02T06:02:32.962+0200][4158.648s][debug][gc] GC(243) Reclaimed 4 empty regions
[2020-03-02T06:02:32.962+0200][4158.648s][info ][gc] GC(243) Pause Remark 4424M->4408M(8192M) 1.250ms
[2020-03-02T06:02:40.093+0200][4165.779s][info ][gc] GC(243) Pause Cleanup 4416M->4416M(8192M) 0.239ms
[2020-03-02T06:02:40.134+0200][4165.820s][info ][gc] GC(243) Concurrent Cycle 25359.448ms
[2020-03-02T06:02:41.981+0200][4167.667s][info ][gc] GC(244) Pause Young (Concurrent Start) (G1 Humongous Allocation) 4416M->4408M(8192M) 482.785ms
[2020-03-02T06:02:41.981+0200][4167.667s][info ][gc] GC(245) Concurrent Cycle
[2020-03-02T06:03:02.520+0200][4188.205s][debug][gc] GC(245) Reclaimed 4 empty regions
[2020-03-02T06:03:02.520+0200][4188.205s][info ][gc] GC(245) Pause Remark 4428M->4412M(8192M) 1.425ms
[2020-03-02T06:03:09.096+0200][4194.781s][info ][gc] GC(245) Pause Cleanup 4416M->4416M(8192M) 0.243ms
[2020-03-02T06:03:09.162+0200][4194.847s][info ][gc] GC(245) Concurrent Cycle 27180.321ms
[2020-03-02T06:03:09.842+0200][4195.527s][info ][gc] GC(246) Pause Young (Concurrent Start) (G1 Humongous Allocation) 4416M->4404M(8192M) 449.323ms
[2020-03-02T06:03:09.842+0200][4195.527s][info ][gc] GC(247) Concurrent Cycle
[2020-03-02T06:05:02.639+0200][4308.321s][debug][gc] GC(247) Reclaimed 3 empty regions
[2020-03-02T06:05:02.639+0200][4308.321s][info ][gc] GC(247) Pause Remark 4460M->4448M(8192M) 10.165ms
[2020-03-02T06:05:08.852+0200][4314.534s][info ][gc] GC(247) Pause Cleanup 4458M->4458M(8192M) 1.126ms
[2020-03-02T06:05:08.961+0200][4314.643s][info ][gc] GC(247) Concurrent Cycle 119116.172ms
[2020-03-02T06:05:10.046+0200][4315.728s][info ][gc] GC(248) Pause Young (Concurrent Start) (G1 Humongous Allocation) 4458M->4432M(8192M) 540.036ms
[2020-03-02T06:05:10.046+0200][4315.728s][info ][gc] GC(249) Concurrent Cycle
[2020-03-02T06:05:28.746+0200][4334.427s][debug][gc] GC(249) Reclaimed 10 empty regions
[2020-03-02T06:05:28.746+0200][4334.427s][info ][gc] GC(249) Pause Remark 4450M->4410M(8192M) 1.059ms
[2020-03-02T06:05:35.910+0200][4341.591s][info ][gc] GC(249) Pause Cleanup 4418M->4418M(8192M) 0.579ms
[2020-03-02T06:05:35.982+0200][4341.664s][info ][gc] GC(249) Concurrent Cycle 25935.463ms
[2020-03-02T06:05:37.934+0200][4343.615s][info ][gc] GC(250) Pause Young (Concurrent Start) (G1 Humongous Allocation) 4418M->4408M(8192M) 511.362ms
[2020-03-02T06:05:37.934+0200][4343.615s][info ][gc] GC(251) Concurrent Cycle
[2020-03-02T06:05:56.394+0200][4362.075s][debug][gc] GC(251) Reclaimed 4 empty regions
[2020-03-02T06:05:56.394+0200][4362.075s][info ][gc] GC(251) Pause Remark 4424M->4408M(8192M) 1.236ms
[2020-03-02T06:06:03.526+0200][4369.206s][info ][gc] GC(251) Pause Cleanup 4416M->4416M(8192M) 0.257ms
[2020-03-02T06:06:03.558+0200][4369.238s][info ][gc] GC(251) Concurrent Cycle 25622.338ms
[2020-03-02T06:06:05.531+0200][4371.211s][info ][gc] GC(252) Pause Young (Concurrent Start) (G1 Humongous Allocation) 4416M->4408M(8192M) 506.455ms
[2020-03-02T06:06:05.531+0200][4371.211s][info ][gc] GC(253) Concurrent Cycle
[2020-03-02T06:06:23.927+0200][4389.607s][debug][gc] GC(253) Reclaimed 4 empty regions
[2020-03-02T06:06:23.927+0200][4389.607s][info ][gc] GC(253) Pause Remark 4426M->4410M(8192M) 1.230ms
[2020-03-02T06:06:31.086+0200][4396.766s][info ][gc] GC(253) Pause Cleanup 4418M->4418M(8192M) 0.267ms
[2020-03-02T06:06:31.118+0200][4396.798s][info ][gc] GC(253) Concurrent Cycle 25586.358ms
[2020-03-02T06:06:33.098+0200][4398.779s][info ][gc] GC(254) Pause Young (Concurrent Start) (G1 Humongous Allocation) 4418M->4408M(8192M) 507.687ms
[2020-03-02T06:06:33.099+0200][4398.779s][info ][gc] GC(255) Concurrent Cycle
[2020-03-02T06:06:51.571+0200][4417.250s][debug][gc] GC(255) Reclaimed 4 empty regions
[2020-03-02T06:06:51.571+0200][4417.250s][info ][gc] GC(255) Pause Remark 4424M->4408M(8192M) 1.377ms
[2020-03-02T06:06:58.792+0200][4424.471s][info ][gc] GC(255) Pause Cleanup 4416M->4416M(8192M) 0.251ms
[2020-03-02T06:06:58.824+0200][4424.503s][info ][gc] GC(255) Concurrent Cycle 25724.003ms
[2020-03-02T06:07:00.821+0200][4426.501s][info ][gc] GC(256) Pause Young (Concurrent Start) (G1 Humongous Allocation) 4416M->4408M(8192M) 510.707ms
[2020-03-02T06:07:00.822+0200][4426.501s][info ][gc] GC(257) Concurrent Cycle
[2020-03-02T06:07:19.489+0200][4445.167s][debug][gc] GC(257) Reclaimed 4 empty regions
[2020-03-02T06:07:19.489+0200][4445.167s][info ][gc] GC(257) Pause Remark 4424M->4408M(8192M) 1.091ms
[2020-03-02T06:07:22.760+0200][4448.438s][info ][gc] GC(258) Pause Young (Normal) (G1 Humongous Allocation) 4412M->4404M(8192M) 486.890ms
[2020-03-02T06:07:22.769+0200][4448.447s][debug][gc] GC(259) Clear Next Bitmap 7.074ms
[2020-03-02T06:07:25.664+0200][4451.343s][info ][gc] GC(259) Pause Full (G1 Humongous Allocation) 4404M->4395M(8192M) 2902.755ms
[2020-03-02T06:07:28.524+0200][4454.202s][info ][gc] GC(260) Pause Full (G1 Humongous Allocation) 4395M->4395M(8192M) 2857.981ms
[2020-03-02T06:07:28.525+0200][4454.203s][info ][gc] GC(257) Concurrent Cycle 27702.477ms
